Archive member included to satisfy reference by file (symbol)

/opt/st/stm32cubeide_1.12.0_3/plugins/com.st.stm32cube.ide.mcu.externaltools.gnu-tools-for-stm32.10.3-2021.10.linux64_1.0.200.202301161003/tools/bin/../lib/gcc/arm-none-eabi/10.3.1/../../../../arm-none-eabi/lib/thumb/v6-m/nofp/libstdc++_nano.a(pure.o)
                              ./Core/Src/mainpp.o (__cxa_pure_virtual)
/opt/st/stm32cubeide_1.12.0_3/plugins/com.st.stm32cube.ide.mcu.externaltools.gnu-tools-for-stm32.10.3-2021.10.linux64_1.0.200.202301161003/tools/bin/../lib/gcc/arm-none-eabi/10.3.1/../../../../arm-none-eabi/lib/thumb/v6-m/nofp/libstdc++_nano.a(eh_terminate.o)
                              /opt/st/stm32cubeide_1.12.0_3/plugins/com.st.stm32cube.ide.mcu.externaltools.gnu-tools-for-stm32.10.3-2021.10.linux64_1.0.200.202301161003/tools/bin/../lib/gcc/arm-none-eabi/10.3.1/../../../../arm-none-eabi/lib/thumb/v6-m/nofp/libstdc++_nano.a(pure.o) (std::terminate())
/opt/st/stm32cubeide_1.12.0_3/plugins/com.st.stm32cube.ide.mcu.externaltools.gnu-tools-for-stm32.10.3-2021.10.linux64_1.0.200.202301161003/tools/bin/../lib/gcc/arm-none-eabi/10.3.1/../../../../arm-none-eabi/lib/thumb/v6-m/nofp/libstdc++_nano.a(eh_unex_handler.o)
                              /opt/st/stm32cubeide_1.12.0_3/plugins/com.st.stm32cube.ide.mcu.externaltools.gnu-tools-for-stm32.10.3-2021.10.linux64_1.0.200.202301161003/tools/bin/../lib/gcc/arm-none-eabi/10.3.1/../../../../arm-none-eabi/lib/thumb/v6-m/nofp/libstdc++_nano.a(eh_terminate.o) (__cxxabiv1::__unexpected_handler)
/opt/st/stm32cubeide_1.12.0_3/plugins/com.st.stm32cube.ide.mcu.externaltools.gnu-tools-for-stm32.10.3-2021.10.linux64_1.0.200.202301161003/tools/bin/../lib/gcc/arm-none-eabi/10.3.1/../../../../arm-none-eabi/lib/thumb/v6-m/nofp/libstdc++_nano.a(eh_term_handler.o)
                              /opt/st/stm32cubeide_1.12.0_3/plugins/com.st.stm32cube.ide.mcu.externaltools.gnu-tools-for-stm32.10.3-2021.10.linux64_1.0.200.202301161003/tools/bin/../lib/gcc/arm-none-eabi/10.3.1/../../../../arm-none-eabi/lib/thumb/v6-m/nofp/libstdc++_nano.a(eh_terminate.o) (__cxxabiv1::__terminate_handler)
/opt/st/stm32cubeide_1.12.0_3/plugins/com.st.stm32cube.ide.mcu.externaltools.gnu-tools-for-stm32.10.3-2021.10.linux64_1.0.200.202301161003/tools/bin/../lib/gcc/arm-none-eabi/10.3.1/../../../../arm-none-eabi/lib/thumb/v6-m/nofp/libc_nano.a(lib_a-abort.o)
                              /opt/st/stm32cubeide_1.12.0_3/plugins/com.st.stm32cube.ide.mcu.externaltools.gnu-tools-for-stm32.10.3-2021.10.linux64_1.0.200.202301161003/tools/bin/../lib/gcc/arm-none-eabi/10.3.1/../../../../arm-none-eabi/lib/thumb/v6-m/nofp/libstdc++_nano.a(eh_terminate.o) (abort)
/opt/st/stm32cubeide_1.12.0_3/plugins/com.st.stm32cube.ide.mcu.externaltools.gnu-tools-for-stm32.10.3-2021.10.linux64_1.0.200.202301161003/tools/bin/../lib/gcc/arm-none-eabi/10.3.1/../../../../arm-none-eabi/lib/thumb/v6-m/nofp/libc_nano.a(lib_a-errno.o)
                              ./Core/Src/syscalls.o (__errno)
/opt/st/stm32cubeide_1.12.0_3/plugins/com.st.stm32cube.ide.mcu.externaltools.gnu-tools-for-stm32.10.3-2021.10.linux64_1.0.200.202301161003/tools/bin/../lib/gcc/arm-none-eabi/10.3.1/../../../../arm-none-eabi/lib/thumb/v6-m/nofp/libc_nano.a(lib_a-exit.o)
                              /opt/st/stm32cubeide_1.12.0_3/plugins/com.st.stm32cube.ide.mcu.externaltools.gnu-tools-for-stm32.10.3-2021.10.linux64_1.0.200.202301161003/tools/bin/../lib/gcc/arm-none-eabi/10.3.1/../../../../arm-none-eabi/lib/thumb/v6-m/nofp/crt0.o (exit)
/opt/st/stm32cubeide_1.12.0_3/plugins/com.st.stm32cube.ide.mcu.externaltools.gnu-tools-for-stm32.10.3-2021.10.linux64_1.0.200.202301161003/tools/bin/../lib/gcc/arm-none-eabi/10.3.1/../../../../arm-none-eabi/lib/thumb/v6-m/nofp/libc_nano.a(lib_a-impure.o)
                              /opt/st/stm32cubeide_1.12.0_3/plugins/com.st.stm32cube.ide.mcu.externaltools.gnu-tools-for-stm32.10.3-2021.10.linux64_1.0.200.202301161003/tools/bin/../lib/gcc/arm-none-eabi/10.3.1/../../../../arm-none-eabi/lib/thumb/v6-m/nofp/libc_nano.a(lib_a-exit.o) (_global_impure_ptr)
/opt/st/stm32cubeide_1.12.0_3/plugins/com.st.stm32cube.ide.mcu.externaltools.gnu-tools-for-stm32.10.3-2021.10.linux64_1.0.200.202301161003/tools/bin/../lib/gcc/arm-none-eabi/10.3.1/../../../../arm-none-eabi/lib/thumb/v6-m/nofp/libc_nano.a(lib_a-init.o)
                              /opt/st/stm32cubeide_1.12.0_3/plugins/com.st.stm32cube.ide.mcu.externaltools.gnu-tools-for-stm32.10.3-2021.10.linux64_1.0.200.202301161003/tools/bin/../lib/gcc/arm-none-eabi/10.3.1/../../../../arm-none-eabi/lib/thumb/v6-m/nofp/crt0.o (__libc_init_array)
/opt/st/stm32cubeide_1.12.0_3/plugins/com.st.stm32cube.ide.mcu.externaltools.gnu-tools-for-stm32.10.3-2021.10.linux64_1.0.200.202301161003/tools/bin/../lib/gcc/arm-none-eabi/10.3.1/../../../../arm-none-eabi/lib/thumb/v6-m/nofp/libc_nano.a(lib_a-memcpy-stub.o)
                              ./Core/Src/mainpp.o (memcpy)
[...]
Memory Configuration

Name             Origin             Length             Attributes
RAM              0x0000000020000000 0x0000000000001800 xrw
FLASH            0x0000000008000000 0x0000000000008000 xr
*default*        0x0000000000000000 0xffffffffffffffff

Linker script and memory map

LOAD /opt/st/stm32cubeide_1.12.0_3/plugins/com.st.stm32cube.ide.mcu.externaltools.gnu-tools-for-stm32.10.3-2021.10.linux64_1.0.200.202301161003/tools/bin/../lib/gcc/arm-none-eabi/10.3.1/thumb/v6-m/nofp/crti.o
LOAD /opt/st/stm32cubeide_1.12.0_3/plugins/com.st.stm32cube.ide.mcu.externaltools.gnu-tools-for-stm32.10.3-2021.10.linux64_1.0.200.202301161003/tools/bin/../lib/gcc/arm-none-eabi/10.3.1/thumb/v6-m/nofp/crtbegin.o
LOAD /opt/st/stm32cubeide_1.12.0_3/plugins/com.st.stm32cube.ide.mcu.externaltools.gnu-tools-for-stm32.10.3-2021.10.linux64_1.0.200.202301161003/tools/bin/../lib/gcc/arm-none-eabi/10.3.1/../../../../arm-none-eabi/lib/thumb/v6-m/nofp/crt0.o
LOAD ./Core/Inc/duration.o
LOAD ./Core/Inc/time.o
LOAD ./Core/Src/main.o
LOAD ./Core/Src/mainpp.o
LOAD ./Core/Src/stm32f0xx_hal_msp.o
LOAD ./Core/Src/stm32f0xx_it.o
LOAD ./Core/Src/syscalls.o
LOAD ./Core/Src/sysmem.o
LOAD ./Core/Src/system_stm32f0xx.o
LOAD ./Core/Startup/startup_stm32f042k6tx.o
LOAD ./Drivers/STM32F0xx_HAL_Driver/Src/stm32f0xx_hal.o
LOAD ./Drivers/STM32F0xx_HAL_Driver/Src/stm32f0xx_hal_cortex.o
LOAD ./Drivers/STM32F0xx_HAL_Driver/Src/stm32f0xx_hal_dma.o
LOAD ./Drivers/STM32F0xx_HAL_Driver/Src/stm32f0xx_hal_exti.o
LOAD ./Drivers/STM32F0xx_HAL_Driver/Src/stm32f0xx_hal_flash.o
LOAD ./Drivers/STM32F0xx_HAL_Driver/Src/stm32f0xx_hal_flash_ex.o
LOAD ./Drivers/STM32F0xx_HAL_Driver/Src/stm32f0xx_hal_gpio.o
LOAD ./Drivers/STM32F0xx_HAL_Driver/Src/stm32f0xx_hal_i2c.o
LOAD ./Drivers/STM32F0xx_HAL_Driver/Src/stm32f0xx_hal_i2c_ex.o
LOAD ./Drivers/STM32F0xx_HAL_Driver/Src/stm32f0xx_hal_pwr.o
LOAD ./Drivers/STM32F0xx_HAL_Driver/Src/stm32f0xx_hal_pwr_ex.o
LOAD ./Drivers/STM32F0xx_HAL_Driver/Src/stm32f0xx_hal_rcc.o
LOAD ./Drivers/STM32F0xx_HAL_Driver/Src/stm32f0xx_hal_rcc_ex.o
LOAD ./Drivers/STM32F0xx_HAL_Driver/Src/stm32f0xx_hal_tim.o
LOAD ./Drivers/STM32F0xx_HAL_Driver/Src/stm32f0xx_hal_tim_ex.o
LOAD ./Drivers/STM32F0xx_HAL_Driver/Src/stm32f0xx_hal_uart.o
LOAD ./Drivers/STM32F0xx_HAL_Driver/Src/stm32f0xx_hal_uart_ex.o
START GROUP
LOAD /opt/st/stm32cubeide_1.12.0_3/plugins/com.st.stm32cube.ide.mcu.externaltools.gnu-tools-for-stm32.10.3-2021.10.linux64_1.0.200.202301161003/tools/bin/../lib/gcc/arm-none-eabi/10.3.1/../../../../arm-none-eabi/lib/thumb/v6-m/nofp/libstdc++_nano.a
LOAD /opt/st/stm32cubeide_1.12.0_3/plugins/com.st.stm32cube.ide.mcu.externaltools.gnu-tools-for-stm32.10.3-2021.10.linux64_1.0.200.202301161003/tools/bin/../lib/gcc/arm-none-eabi/10.3.1/../../../../arm-none-eabi/lib/thumb/v6-m/nofp/libsupc++_nano.a
END GROUP
LOAD /opt/st/stm32cubeide_1.12.0_3/plugins/com.st.stm32cube.ide.mcu.externaltools.gnu-tools-for-stm32.10.3-2021.10.linux64_1.0.200.202301161003/tools/bin/../lib/gcc/arm-none-eabi/10.3.1/../../../../arm-none-eabi/lib/thumb/v6-m/nofp/libstdc++_nano.a
LOAD /opt/st/stm32cubeide_1.12.0_3/plugins/com.st.stm32cube.ide.mcu.externaltools.gnu-tools-for-stm32.10.3-2021.10.linux64_1.0.200.202301161003/tools/bin/../lib/gcc/arm-none-eabi/10.3.1/../../../../arm-none-eabi/lib/thumb/v6-m/nofp/libm.a
LOAD /opt/st/stm32cubeide_1.12.0_3/plugins/com.st.stm32cube.ide.mcu.externaltools.gnu-tools-for-stm32.10.3-2021.10.linux64_1.0.200.202301161003/tools/bin/../lib/gcc/arm-none-eabi/10.3.1/../../../../arm-none-eabi/lib/thumb/v6-m/nofp/libc_nano.a
START GROUP
LOAD /opt/st/stm32cubeide_1.12.0_3/plugins/com.st.stm32cube.ide.mcu.externaltools.gnu-tools-for-stm32.10.3-2021.10.linux64_1.0.200.202301161003/tools/bin/../lib/gcc/arm-none-eabi/10.3.1/thumb/v6-m/nofp/libgcc.a
LOAD /opt/st/stm32cubeide_1.12.0_3/plugins/com.st.stm32cube.ide.mcu.externaltools.gnu-tools-for-stm32.10.3-2021.10.linux64_1.0.200.202301161003/tools/bin/../lib/gcc/arm-none-eabi/10.3.1/../../../../arm-none-eabi/lib/thumb/v6-m/nofp/libc_nano.a
END GROUP
START GROUP
LOAD /opt/st/stm32cubeide_1.12.0_3/plugins/com.st.stm32cube.ide.mcu.externaltools.gnu-tools-for-stm32.10.3-2021.10.linux64_1.0.200.202301161003/tools/bin/../lib/gcc/arm-none-eabi/10.3.1/thumb/v6-m/nofp/libgcc.a
LOAD /opt/st/stm32cubeide_1.12.0_3/plugins/com.st.stm32cube.ide.mcu.externaltools.gnu-tools-for-stm32.10.3-2021.10.linux64_1.0.200.202301161003/tools/bin/../lib/gcc/arm-none-eabi/10.3.1/../../../../arm-none-eabi/lib/thumb/v6-m/nofp/libc_nano.a
LOAD /opt/st/stm32cubeide_1.12.0_3/plugins/com.st.stm32cube.ide.mcu.externaltools.gnu-tools-for-stm32.10.3-2021.10.linux64_1.0.200.202301161003/tools/bin/../lib/gcc/arm-none-eabi/10.3.1/../../../../arm-none-eabi/lib/thumb/v6-m/nofp/libnosys.a
END GROUP
START GROUP
LOAD /opt/st/stm32cubeide_1.12.0_3/plugins/com.st.stm32cube.ide.mcu.externaltools.gnu-tools-for-stm32.10.3-2021.10.linux64_1.0.200.202301161003/tools/bin/../lib/gcc/arm-none-eabi/10.3.1/thumb/v6-m/nofp/libgcc.a
LOAD /opt/st/stm32cubeide_1.12.0_3/plugins/com.st.stm32cube.ide.mcu.externaltools.gnu-tools-for-stm32.10.3-2021.10.linux64_1.0.200.202301161003/tools/bin/../lib/gcc/arm-none-eabi/10.3.1/../../../../arm-none-eabi/lib/thumb/v6-m/nofp/libc_nano.a
LOAD /opt/st/stm32cubeide_1.12.0_3/plugins/com.st.stm32cube.ide.mcu.externaltools.gnu-tools-for-stm32.10.3-2021.10.linux64_1.0.200.202301161003/tools/bin/../lib/gcc/arm-none-eabi/10.3.1/../../../../arm-none-eabi/lib/thumb/v6-m/nofp/libnosys.a
END GROUP
LOAD /opt/st/stm32cubeide_1.12.0_3/plugins/com.st.stm32cube.ide.mcu.externaltools.gnu-tools-for-stm32.10.3-2021.10.linux64_1.0.200.202301161003/tools/bin/../lib/gcc/arm-none-eabi/10.3.1/thumb/v6-m/nofp/crtend.o
LOAD /opt/st/stm32cubeide_1.12.0_3/plugins/com.st.stm32cube.ide.mcu.externaltools.gnu-tools-for-stm32.10.3-2021.10.linux64_1.0.200.202301161003/tools/bin/../lib/gcc/arm-none-eabi/10.3.1/thumb/v6-m/nofp/crtn.o
                0x0000000020001800                _estack = (ORIGIN (RAM) + LENGTH (RAM))
                0x0000000000000200                _Min_Heap_Size = 0x200
                0x0000000000000400                _Min_Stack_Size = 0x400

.isr_vector     0x0000000008000000       0xc0
                0x0000000008000000                . = ALIGN (0x4)
 *(.isr_vector)
 .isr_vector    0x0000000008000000       0xc0 ./Core/Startup/startup_stm32f042k6tx.o
                0x0000000008000000                g_pfnVectors
                0x00000000080000c0                . = ALIGN (0x4)

.text           0x00000000080000c0     0x5aac
                0x00000000080000c0                . = ALIGN (0x4)
 *(.text)
 .text          0x00000000080000c0       0x48 /opt/st/stm32cubeide_1.12.0_3/plugins/com.st.stm32cube.ide.mcu.externaltools.gnu-tools-for-stm32.10.3-2021.10.linux64_1.0.200.202301161003/tools/bin/../lib/gcc/arm-none-eabi/10.3.1/thumb/v6-m/nofp/crtbegin.o
 .text          0x0000000008000108        0xe /opt/st/stm32cubeide_1.12.0_3/plugins/com.st.stm32cube.ide.mcu.externaltools.gnu-tools-for-stm32.10.3-2021.10.linux64_1.0.200.202301161003/tools/bin/../lib/gcc/arm-none-eabi/10.3.1/../../../../arm-none-eabi/lib/thumb/v6-m/nofp/libc_nano.a(lib_a-strlen.o)
                0x0000000008000108                strlen
 *fill*         0x0000000008000116        0x2 
 .text          0x0000000008000118      0x114 /opt/st/stm32cubeide_1.12.0_3/plugins/com.st.stm32cube.ide.mcu.externaltools.gnu-tools-for-stm32.10.3-2021.10.linux64_1.0.200.202301161003/tools/bin/../lib/gcc/arm-none-eabi/10.3.1/thumb/v6-m/nofp/libgcc.a(_udivsi3.o)
                0x0000000008000118                __udivsi3
                0x0000000008000118                __aeabi_uidiv
                0x0000000008000224                __aeabi_uidivmod
 .text          0x000000000800022c        0x4 /opt/st/stm32cubeide_1.12.0_3/plugins/com.st.stm32cube.ide.mcu.externaltools.gnu-tools-for-stm32.10.3-2021.10.linux64_1.0.200.202301161003/tools/bin/../lib/gcc/arm-none-eabi/10.3.1/thumb/v6-m/nofp/libgcc.a(_dvmd_tls.o)
                0x000000000800022c                __aeabi_ldiv0
                0x000000000800022c                __aeabi_idiv0
 *(.text*)
 .text._ZN3ros16normalizeSecNSecERmS0_
                0x0000000008000230       0x48 ./Core/Inc/time.o
                0x0000000008000230                ros::normalizeSecNSec(unsigned long&, unsigned long&)
 .text.main     0x0000000008000278       0x26 ./Core/Src/main.o
                0x0000000008000278                main
 .text.SystemClock_Config
                0x000000000800029e       0x96 ./Core/Src/main.o
                0x000000000800029e                SystemClock_Config
 .text.MX_TIM2_Init
                0x0000000008000334       0xa8 ./Core/Src/main.o
 .text.MX_USART2_UART_Init
                0x00000000080003dc       0x60 ./Core/Src/main.o
 .text.MX_DMA_Init
                0x000000000800043c       0x3c ./Core/Src/main.o
 .text.MX_GPIO_Init
                0x0000000008000478       0x98 ./Core/Src/main.o
 .text.Error_Handler
                0x0000000008000510        0xa ./Core/Src/main.o
                0x0000000008000510                Error_Handler
 .text._ZN3ros4TimeC2Ev
                0x000000000800051a       0x1e ./Core/Src/mainpp.o
                0x000000000800051a                ros::Time::Time()
                0x000000000800051a                ros::Time::Time()
 .text._ZN3ros3MsgC2Ev
                0x0000000008000538       0x1c ./Core/Src/mainpp.o
                0x0000000008000538                ros::Msg::Msg()
                0x0000000008000538                ros::Msg::Msg()
 .text._ZN8std_msgs4TimeC2Ev
                0x0000000008000554       0x30 ./Core/Src/mainpp.o
                0x0000000008000554                std_msgs::Time::Time()
                0x0000000008000554                std_msgs::Time::Time()
 .text._ZNK8std_msgs4Time9serializeEPh
                0x0000000008000584       0xac ./Core/Src/mainpp.o
                0x0000000008000584                std_msgs::Time::serialize(unsigned char*) const
 .text._ZN8std_msgs4Time11deserializeEPh
                0x0000000008000630       0xc4 ./Core/Src/mainpp.o
                0x0000000008000630                std_msgs::Time::deserialize(unsigned char*)
 .text._ZN8std_msgs4Time7getTypeEv
                0x00000000080006f4       0x18 ./Core/Src/mainpp.o
                0x00000000080006f4                std_msgs::Time::getType()
 .text._ZN8std_msgs4Time6getMD5Ev
                0x000000000800070c       0x18 ./Core/Src/mainpp.o
                0x000000000800070c                std_msgs::Time::getMD5()
 .text._ZN14rosserial_msgs9TopicInfoC2Ev
                0x0000000008000724       0x48 ./Core/Src/mainpp.o
                0x0000000008000724                rosserial_msgs::TopicInfo::TopicInfo()
                0x0000000008000724                rosserial_msgs::TopicInfo::TopicInfo()
 .text._ZNK14rosserial_msgs9TopicInfo9serializeEPh
                0x000000000800076c      0x142 ./Core/Src/mainpp.o
                0x000000000800076c                rosserial_msgs::TopicInfo::serialize(unsigned char*) const
 .text._ZN14rosserial_msgs9TopicInfo11deserializeEPh
                0x00000000080008ae      0x1d0 ./Core/Src/mainpp.o
                0x00000000080008ae                rosserial_msgs::TopicInfo::deserialize(unsigned char*)
 *fill*         0x0000000008000a7e        0x2 
 .text._ZN14rosserial_msgs9TopicInfo7getTypeEv
                0x0000000008000a80       0x18 ./Core/Src/mainpp.o
                0x0000000008000a80                rosserial_msgs::TopicInfo::getType()
 .text._ZN14rosserial_msgs9TopicInfo6getMD5Ev
                0x0000000008000a98       0x18 ./Core/Src/mainpp.o
                0x0000000008000a98                rosserial_msgs::TopicInfo::getMD5()
 .text._ZN14rosserial_msgs3LogC2Ev
                0x0000000008000ab0       0x34 ./Core/Src/mainpp.o
                0x0000000008000ab0                rosserial_msgs::Log::Log()
                0x0000000008000ab0                rosserial_msgs::Log::Log()
 .text._ZNK14rosserial_msgs3Log9serializeEPh
                0x0000000008000ae4       0x68 ./Core/Src/mainpp.o
                0x0000000008000ae4                rosserial_msgs::Log::serialize(unsigned char*) const
 .text._ZN14rosserial_msgs3Log11deserializeEPh
                0x0000000008000b4c       0x90 ./Core/Src/mainpp.o
                0x0000000008000b4c                rosserial_msgs::Log::deserialize(unsigned char*)
 .text._ZN14rosserial_msgs3Log7getTypeEv
                0x0000000008000bdc       0x18 ./Core/Src/mainpp.o
                0x0000000008000bdc                rosserial_msgs::Log::getType()
 .text._ZN14rosserial_msgs3Log6getMD5Ev
                0x0000000008000bf4       0x18 ./Core/Src/mainpp.o
                0x0000000008000bf4                rosserial_msgs::Log::getMD5()
 .text._ZN14rosserial_msgs20RequestParamResponseC2Ev
                0x0000000008000c0c       0x5c ./Core/Src/mainpp.o
                0x0000000008000c0c                rosserial_msgs::RequestParamResponse::RequestParamResponse()
                0x0000000008000c0c                rosserial_msgs::RequestParamResponse::RequestParamResponse()
 .text._ZNK14rosserial_msgs20RequestParamResponse9serializeEPh
                0x0000000008000c68      0x226 ./Core/Src/mainpp.o
                0x0000000008000c68                rosserial_msgs::RequestParamResponse::serialize(unsigned char*) const
 .text._ZN14rosserial_msgs20RequestParamResponse11deserializeEPh
                0x0000000008000e8e      0x2ee ./Core/Src/mainpp.o
                0x0000000008000e8e                rosserial_msgs::RequestParamResponse::deserialize(unsigned char*)
 .text._ZN14rosserial_msgs20RequestParamResponse7getTypeEv
                0x000000000800117c       0x18 ./Core/Src/mainpp.o
                0x000000000800117c                rosserial_msgs::RequestParamResponse::getType()
 .text._ZN14rosserial_msgs20RequestParamResponse6getMD5Ev
                0x0000000008001194       0x18 ./Core/Src/mainpp.o
                0x0000000008001194                rosserial_msgs::RequestParamResponse::getMD5()
 .text._ZN3ros9PublisherC2EPKcPNS_3MsgEi
                0x00000000080011ac       0x2a ./Core/Src/mainpp.o
                0x00000000080011ac                ros::Publisher::Publisher(char const*, ros::Msg*, int)
                0x00000000080011ac                ros::Publisher::Publisher(char const*, ros::Msg*, int)
 .text._ZN3ros9Publisher7publishEPKNS_3MsgE
                0x00000000080011d6       0x2a ./Core/Src/mainpp.o
                0x00000000080011d6                ros::Publisher::publish(ros::Msg const*)
 .text._ZN3ros9Publisher15getEndpointTypeEv
                0x0000000008001200       0x14 ./Core/Src/mainpp.o
                0x0000000008001200                ros::Publisher::getEndpointType()
 .text._ZN13STM32Hardware10getRdmaIndEv
                0x0000000008001214       0x24 ./Core/Src/mainpp.o
                0x0000000008001214                STM32Hardware::getRdmaInd()
 .text._ZN13STM32HardwareC2Ev
                0x0000000008001238       0x3c ./Core/Src/mainpp.o
                0x0000000008001238                STM32Hardware::STM32Hardware()
                0x0000000008001238                STM32Hardware::STM32Hardware()
 .text._ZN13STM32Hardware4initEv
                0x0000000008001274       0x18 ./Core/Src/mainpp.o
                0x0000000008001274                STM32Hardware::init()
 .text._ZN13STM32Hardware10reset_rbufEv
                0x000000000800128c       0x22 ./Core/Src/mainpp.o
                0x000000000800128c                STM32Hardware::reset_rbuf()
 .text._ZN13STM32Hardware4readEv
                0x00000000080012ae       0x64 ./Core/Src/mainpp.o
                0x00000000080012ae                STM32Hardware::read()
 *fill*         0x0000000008001312        0x2 
 .text._ZN13STM32Hardware5flushEv
                0x0000000008001314      0x10c ./Core/Src/mainpp.o
                0x0000000008001314                STM32Hardware::flush()
 .text._ZN13STM32Hardware5writeEPhi
                0x0000000008001420       0xa0 ./Core/Src/mainpp.o
                0x0000000008001420                STM32Hardware::write(unsigned char*, int)
 .text._ZN13STM32Hardware4timeEv
                0x00000000080014c0       0x16 ./Core/Src/mainpp.o
                0x00000000080014c0                STM32Hardware::time()
 *fill*         0x00000000080014d6        0x2 
 .text._ZN8std_srvs14TriggerRequestC2Ev
                0x00000000080014d8       0x24 ./Core/Src/mainpp.o
                0x00000000080014d8                std_srvs::TriggerRequest::TriggerRequest()
                0x00000000080014d8                std_srvs::TriggerRequest::TriggerRequest()
 .text._ZNK8std_srvs14TriggerRequest9serializeEPh
                0x00000000080014fc       0x18 ./Core/Src/mainpp.o
                0x00000000080014fc                std_srvs::TriggerRequest::serialize(unsigned char*) const
 .text._ZN8std_srvs14TriggerRequest11deserializeEPh
                0x0000000008001514       0x18 ./Core/Src/mainpp.o
                0x0000000008001514                std_srvs::TriggerRequest::deserialize(unsigned char*)
 .text._ZN8std_srvs14TriggerRequest7getTypeEv
                0x000000000800152c       0x18 ./Core/Src/mainpp.o
                0x000000000800152c                std_srvs::TriggerRequest::getType()
 .text._ZN8std_srvs14TriggerRequest6getMD5Ev
                0x0000000008001544       0x18 ./Core/Src/mainpp.o
                0x0000000008001544                std_srvs::TriggerRequest::getMD5()
 .text._ZN8std_srvs15TriggerResponseC2Ev
                0x000000000800155c       0x34 ./Core/Src/mainpp.o
                0x000000000800155c                std_srvs::TriggerResponse::TriggerResponse()
                0x000000000800155c                std_srvs::TriggerResponse::TriggerResponse()
 .text._ZNK8std_srvs15TriggerResponse9serializeEPh
                0x0000000008001590       0x72 ./Core/Src/mainpp.o
                0x0000000008001590                std_srvs::TriggerResponse::serialize(unsigned char*) const
 .text._ZN8std_srvs15TriggerResponse11deserializeEPh
                0x0000000008001602       0xa8 ./Core/Src/mainpp.o
                0x0000000008001602                std_srvs::TriggerResponse::deserialize(unsigned char*)
 *fill*         0x00000000080016aa        0x2 
 .text._ZN8std_srvs15TriggerResponse7getTypeEv
                0x00000000080016ac       0x18 ./Core/Src/mainpp.o
                0x00000000080016ac                std_srvs::TriggerResponse::getType()
 .text._ZN8std_srvs15TriggerResponse6getMD5Ev
                0x00000000080016c4       0x18 ./Core/Src/mainpp.o
                0x00000000080016c4                std_srvs::TriggerResponse::getMD5()
 .text._ZN3ros15NodeHandleBase_C2Ev
                0x00000000080016dc       0x1c ./Core/Src/mainpp.o
                0x00000000080016dc                ros::NodeHandleBase_::NodeHandleBase_()
                0x00000000080016dc                ros::NodeHandleBase_::NodeHandleBase_()
 .text._ZN3ros11NodeHandle_I13STM32HardwareLi25ELi25ELi512ELi512EEC2Ev
                0x00000000080016f8      0x134 ./Core/Src/mainpp.o
                0x00000000080016f8                ros::NodeHandle_<STM32Hardware, 25, 25, 512, 512>::NodeHandle_()
                0x00000000080016f8                ros::NodeHandle_<STM32Hardware, 25, 25, 512, 512>::NodeHandle_()
 .text.HAL_UART_TxCpltCallback
                0x000000000800182c       0x24 ./Core/Src/mainpp.o
                0x000000000800182c                HAL_UART_TxCpltCallback
 .text.HAL_UART_RxCpltCallback
                0x0000000008001850       0x24 ./Core/Src/mainpp.o
                0x0000000008001850                HAL_UART_RxCpltCallback
 .text.setup    0x0000000008001874       0x28 ./Core/Src/mainpp.o
                0x0000000008001874                setup
 .text.loop     0x000000000800189c       0xac ./Core/Src/mainpp.o
                0x000000000800189c                loop
 .text._ZN3ros3Msg8varToArrIPhmEEvT_T0_
                0x0000000008001948       0x38 ./Core/Src/mainpp.o
                0x0000000008001948                void ros::Msg::varToArr<unsigned char*, unsigned long>(unsigned char*, unsigned long)
 .text._ZN3ros3Msg8arrToVarImPhEEvRT_T0_
                0x0000000008001980       0x46 ./Core/Src/mainpp.o
                0x0000000008001980                void ros::Msg::arrToVar<unsigned long, unsigned char*>(unsigned long&, unsigned char*)
 *fill*         0x00000000080019c6        0x2 
 .text._ZN3ros11Subscriber_C2Ev
                0x00000000080019c8       0x1c ./Core/Src/mainpp.o
                0x00000000080019c8                ros::Subscriber_::Subscriber_()
                0x00000000080019c8                ros::Subscriber_::Subscriber_()
 .text._ZN3ros13ServiceClientIN8std_srvs14TriggerRequestENS1_15TriggerResponseEEC2EPKc
                0x00000000080019e4       0x5c ./Core/Src/mainpp.o
                0x00000000080019e4                ros::ServiceClient<std_srvs::TriggerRequest, std_srvs::TriggerResponse>::ServiceClient(char const*)
                0x00000000080019e4                ros::ServiceClient<std_srvs::TriggerRequest, std_srvs::TriggerResponse>::ServiceClient(char const*)
 .text._ZN3ros11NodeHandle_I13STM32HardwareLi25ELi25ELi512ELi512EE11getHardwareEv
                0x0000000008001a40       0x14 ./Core/Src/mainpp.o
                0x0000000008001a40                ros::NodeHandle_<STM32Hardware, 25, 25, 512, 512>::getHardware()
 .text._ZN3ros11NodeHandle_I13STM32HardwareLi25ELi25ELi512ELi512EE8initNodeEv
                0x0000000008001a54       0x48 ./Core/Src/mainpp.o
                0x0000000008001a54                ros::NodeHandle_<STM32Hardware, 25, 25, 512, 512>::initNode()
 .text._ZN3ros11NodeHandle_I13STM32HardwareLi25ELi25ELi512ELi512EE13serviceClientIN8std_srvs14TriggerRequestENS4_15TriggerResponseEEEbRNS_13ServiceClientIT_T0_EE
                0x0000000008001a9c       0x54 ./Core/Src/mainpp.o
                0x0000000008001a9c                bool ros::NodeHandle_<STM32Hardware, 25, 25, 512, 512>::serviceClient<std_srvs::TriggerRequest, std_srvs::TriggerResponse>(ros::ServiceClient<std_srvs::TriggerRequest, std_srvs::TriggerResponse>&)
 .text._ZN3ros13ServiceClientIN8std_srvs14TriggerRequestENS1_15TriggerResponseEE4callERKS2_RS3_
                0x0000000008001af0       0x9c ./Core/Src/mainpp.o
                0x0000000008001af0                ros::ServiceClient<std_srvs::TriggerRequest, std_srvs::TriggerResponse>::call(std_srvs::TriggerRequest const&, std_srvs::TriggerResponse&)
 .text._ZN3ros11NodeHandle_I13STM32HardwareLi25ELi25ELi512ELi512EE7loginfoEPKc
                0x0000000008001b8c       0x1e ./Core/Src/mainpp.o
                0x0000000008001b8c                ros::NodeHandle_<STM32Hardware, 25, 25, 512, 512>::loginfo(char const*)
 *fill*         0x0000000008001baa        0x2 
 .text._ZN3ros11NodeHandle_I13STM32HardwareLi25ELi25ELi512ELi512EE8spinOnceEv
                0x0000000008001bac      0x434 ./Core/Src/mainpp.o
                0x0000000008001bac                ros::NodeHandle_<STM32Hardware, 25, 25, 512, 512>::spinOnce()
 .text._ZN3ros11NodeHandle_I13STM32HardwareLi25ELi25ELi512ELi512EE9advertiseERNS_9PublisherE
                0x0000000008001fe0       0x68 ./Core/Src/mainpp.o
                0x0000000008001fe0                ros::NodeHandle_<STM32Hardware, 25, 25, 512, 512>::advertise(ros::Publisher&)
 .text._ZN3ros11NodeHandle_I13STM32HardwareLi25ELi25ELi512ELi512EE9subscribeERNS_11Subscriber_E
                0x0000000008002048       0x5c ./Core/Src/mainpp.o
                0x0000000008002048                ros::NodeHandle_<STM32Hardware, 25, 25, 512, 512>::subscribe(ros::Subscriber_&)
 .text._ZN3ros11NodeHandle_I13STM32HardwareLi25ELi25ELi512ELi512EE3logEcPKc
                0x00000000080020a4       0x42 ./Core/Src/mainpp.o
                0x00000000080020a4                ros::NodeHandle_<STM32Hardware, 25, 25, 512, 512>::log(char, char const*)
 *fill*         0x00000000080020e6        0x2 
 .text._ZN3ros11NodeHandle_I13STM32HardwareLi25ELi25ELi512ELi512EE15requestSyncTimeEv
                0x00000000080020e8       0x40 ./Core/Src/mainpp.o
                0x00000000080020e8                ros::NodeHandle_<STM32Hardware, 25, 25, 512, 512>::requestSyncTime()
 .text._ZN3ros11NodeHandle_I13STM32HardwareLi25ELi25ELi512ELi512EE15negotiateTopicsEv
                0x0000000008002128      0x220 ./Core/Src/mainpp.o
                0x0000000008002128                ros::NodeHandle_<STM32Hardware, 25, 25, 512, 512>::negotiateTopics()
 .text._ZN3ros11NodeHandle_I13STM32HardwareLi25ELi25ELi512ELi512EE8syncTimeEPh
                0x0000000008002348       0xac ./Core/Src/mainpp.o
                0x0000000008002348                ros::NodeHandle_<STM32Hardware, 25, 25, 512, 512>::syncTime(unsigned char*)
 .text._ZN3ros11NodeHandle_I13STM32HardwareLi25ELi25ELi512ELi512EE7publishEiPKNS_3MsgE
                0x00000000080023f4      0x15c ./Core/Src/mainpp.o
                0x00000000080023f4                ros::NodeHandle_<STM32Hardware, 25, 25, 512, 512>::publish(int, ros::Msg const*)
 .text._ZN3ros11NodeHandle_I13STM32HardwareLi25ELi25ELi512ELi512EE6setNowERKNS_4TimeE
                0x0000000008002550       0x90 ./Core/Src/mainpp.o
                0x0000000008002550                ros::NodeHandle_<STM32Hardware, 25, 25, 512, 512>::setNow(ros::Time const&)
 .text._ZN3ros11NodeHandle_I13STM32HardwareLi25ELi25ELi512ELi512EE8logerrorEPKc
                0x00000000080025e0       0x1e ./Core/Src/mainpp.o
                0x00000000080025e0                ros::NodeHandle_<STM32Hardware, 25, 25, 512, 512>::logerror(char const*)
 *fill*         0x00000000080025fe        0x2 
 .text._Z41__static_initialization_and_destruction_0ii
                0x0000000008002600       0x44 ./Core/Src/mainpp.o
 .text._ZN3ros13ServiceClientIN8std_srvs14TriggerRequestENS1_15TriggerResponseEE8callbackEPh
                0x0000000008002644       0x2e ./Core/Src/mainpp.o
                0x0000000008002644                ros::ServiceClient<std_srvs::TriggerRequest, std_srvs::TriggerResponse>::callback(unsigned char*)
 .text._ZN3ros13ServiceClientIN8std_srvs14TriggerRequestENS1_15TriggerResponseEE15getEndpointTypeEv
                0x0000000008002672       0x12 ./Core/Src/mainpp.o
                0x0000000008002672                ros::ServiceClient<std_srvs::TriggerRequest, std_srvs::TriggerResponse>::getEndpointType()
 .text._ZN3ros13ServiceClientIN8std_srvs14TriggerRequestENS1_15TriggerResponseEE10getMsgTypeEv
                0x0000000008002684       0x1c ./Core/Src/mainpp.o
                0x0000000008002684                ros::ServiceClient<std_srvs::TriggerRequest, std_srvs::TriggerResponse>::getMsgType()
 .text._ZN3ros13ServiceClientIN8std_srvs14TriggerRequestENS1_15TriggerResponseEE9getMsgMD5Ev
                0x00000000080026a0       0x1c ./Core/Src/mainpp.o
                0x00000000080026a0                ros::ServiceClient<std_srvs::TriggerRequest, std_srvs::TriggerResponse>::getMsgMD5()
 .text._ZN3ros11NodeHandle_I13STM32HardwareLi25ELi25ELi512ELi512EE9connectedEv
                0x00000000080026bc       0x18 ./Core/Src/mainpp.o
                0x00000000080026bc                ros::NodeHandle_<STM32Hardware, 25, 25, 512, 512>::connected()
 .text._GLOBAL__sub_I_nh
                0x00000000080026d4       0x18 ./Core/Src/mainpp.o
 .text.HAL_MspInit
                0x00000000080026ec       0x48 ./Core/Src/stm32f0xx_hal_msp.o
                0x00000000080026ec                HAL_MspInit
 .text.HAL_TIM_Base_MspInit
                0x0000000008002734       0x38 ./Core/Src/stm32f0xx_hal_msp.o
                0x0000000008002734                HAL_TIM_Base_MspInit
 .text.HAL_UART_MspInit
                0x000000000800276c      0x15c ./Core/Src/stm32f0xx_hal_msp.o
                0x000000000800276c                HAL_UART_MspInit
 .text.NMI_Handler
                0x00000000080028c8        0x6 ./Core/Src/stm32f0xx_it.o
                0x00000000080028c8                NMI_Handler
 .text.HardFault_Handler
                0x00000000080028ce        0x6 ./Core/Src/stm32f0xx_it.o
                0x00000000080028ce                HardFault_Handler
 .text.SVC_Handler
                0x00000000080028d4        0xa ./Core/Src/stm32f0xx_it.o
                0x00000000080028d4                SVC_Handler
 .text.PendSV_Handler
                0x00000000080028de        0xa ./Core/Src/stm32f0xx_it.o
                0x00000000080028de                PendSV_Handler
 .text.SysTick_Handler
                0x00000000080028e8        0xe ./Core/Src/stm32f0xx_it.o
                0x00000000080028e8                SysTick_Handler
 *fill*         0x00000000080028f6        0x2 
 .text.DMA1_Channel4_5_IRQHandler
                0x00000000080028f8       0x24 ./Core/Src/stm32f0xx_it.o
                0x00000000080028f8                DMA1_Channel4_5_IRQHandler
 .text.USART2_IRQHandler
                0x000000000800291c       0x18 ./Core/Src/stm32f0xx_it.o
                0x000000000800291c                USART2_IRQHandler
 .text._getpid  0x0000000008002934        0xc ./Core/Src/syscalls.o
                0x0000000008002934                _getpid
 .text._kill    0x0000000008002940       0x20 ./Core/Src/syscalls.o
                0x0000000008002940                _kill
 .text._exit    0x0000000008002960       0x18 ./Core/Src/syscalls.o
                0x0000000008002960                _exit
 .text._sbrk    0x0000000008002978       0x6c ./Core/Src/sysmem.o
                0x0000000008002978                _sbrk
 .text.SystemInit
                0x00000000080029e4        0xa ./Core/Src/system_stm32f0xx.o
                0x00000000080029e4                SystemInit
 *fill*         0x00000000080029ee        0x2 
 .text.Reset_Handler
                0x00000000080029f0       0x80 ./Core/Startup/startup_stm32f042k6tx.o
                0x00000000080029f0                Reset_Handler
 .text.Default_Handler
                0x0000000008002a70        0x2 ./Core/Startup/startup_stm32f042k6tx.o
                0x0000000008002a70                TIM1_CC_IRQHandler
                0x0000000008002a70                TSC_IRQHandler
                0x0000000008002a70                I2C1_IRQHandler
                0x0000000008002a70                RCC_CRS_IRQHandler
                0x0000000008002a70                SPI1_IRQHandler
                0x0000000008002a70                EXTI2_3_IRQHandler
                0x0000000008002a70                ADC1_IRQHandler
                0x0000000008002a70                TIM17_IRQHandler
                0x0000000008002a70                CEC_CAN_IRQHandler
                0x0000000008002a70                RTC_IRQHandler
                0x0000000008002a70                PVD_VDDIO2_IRQHandler
                0x0000000008002a70                TIM16_IRQHandler
                0x0000000008002a70                TIM3_IRQHandler
                0x0000000008002a70                EXTI4_15_IRQHandler
                0x0000000008002a70                DMA1_Channel1_IRQHandler
                0x0000000008002a70                Default_Handler
                0x0000000008002a70                TIM14_IRQHandler
                0x0000000008002a70                EXTI0_1_IRQHandler
                0x0000000008002a70                USB_IRQHandler
                0x0000000008002a70                SPI2_IRQHandler
                0x0000000008002a70                WWDG_IRQHandler
                0x0000000008002a70                TIM2_IRQHandler
                0x0000000008002a70                DMA1_Channel2_3_IRQHandler
                0x0000000008002a70                FLASH_IRQHandler
                0x0000000008002a70                USART1_IRQHandler
                0x0000000008002a70                TIM1_BRK_UP_TRG_COM_IRQHandler
 *fill*         0x0000000008002a72        0x2 
 .text.HAL_Init
                0x0000000008002a74       0x28 ./Drivers/STM32F0xx_HAL_Driver/Src/stm32f0xx_hal.o
                0x0000000008002a74                HAL_Init
 .text.HAL_InitTick
                0x0000000008002a9c       0x68 ./Drivers/STM32F0xx_HAL_Driver/Src/stm32f0xx_hal.o
                0x0000000008002a9c                HAL_InitTick
 .text.HAL_IncTick
                0x0000000008002b04       0x24 ./Drivers/STM32F0xx_HAL_Driver/Src/stm32f0xx_hal.o
                0x0000000008002b04                HAL_IncTick
 .text.HAL_GetTick
                0x0000000008002b28       0x14 ./Drivers/STM32F0xx_HAL_Driver/Src/stm32f0xx_hal.o
                0x0000000008002b28                HAL_GetTick
 .text.HAL_Delay
                0x0000000008002b3c       0x48 ./Drivers/STM32F0xx_HAL_Driver/Src/stm32f0xx_hal.o
                0x0000000008002b3c                HAL_Delay
 .text.__NVIC_EnableIRQ
                0x0000000008002b84       0x34 ./Drivers/STM32F0xx_HAL_Driver/Src/stm32f0xx_hal_cortex.o
 .text.__NVIC_SetPriority
                0x0000000008002bb8       0xdc ./Drivers/STM32F0xx_HAL_Driver/Src/stm32f0xx_hal_cortex.o
 .text.SysTick_Config
                0x0000000008002c94       0x48 ./Drivers/STM32F0xx_HAL_Driver/Src/stm32f0xx_hal_cortex.o
 .text.HAL_NVIC_SetPriority
                0x0000000008002cdc       0x2a ./Drivers/STM32F0xx_HAL_Driver/Src/stm32f0xx_hal_cortex.o
                0x0000000008002cdc                HAL_NVIC_SetPriority
 .text.HAL_NVIC_EnableIRQ
                0x0000000008002d06       0x20 ./Drivers/STM32F0xx_HAL_Driver/Src/stm32f0xx_hal_cortex.o
                0x0000000008002d06                HAL_NVIC_EnableIRQ
 .text.HAL_SYSTICK_Config
                0x0000000008002d26       0x1a ./Drivers/STM32F0xx_HAL_Driver/Src/stm32f0xx_hal_cortex.o
                0x0000000008002d26                HAL_SYSTICK_Config
 .text.HAL_DMA_Init
                0x0000000008002d40       0x90 ./Drivers/STM32F0xx_HAL_Driver/Src/stm32f0xx_hal_dma.o
                0x0000000008002d40                HAL_DMA_Init
 .text.HAL_DMA_Start_IT
                0x0000000008002dd0       0xcc ./Drivers/STM32F0xx_HAL_Driver/Src/stm32f0xx_hal_dma.o
                0x0000000008002dd0                HAL_DMA_Start_IT
 .text.HAL_DMA_Abort
                0x0000000008002e9c       0x70 ./Drivers/STM32F0xx_HAL_Driver/Src/stm32f0xx_hal_dma.o
                0x0000000008002e9c                HAL_DMA_Abort
 .text.HAL_DMA_Abort_IT
                0x0000000008002f0c       0x8a ./Drivers/STM32F0xx_HAL_Driver/Src/stm32f0xx_hal_dma.o
                0x0000000008002f0c                HAL_DMA_Abort_IT
 .text.HAL_DMA_IRQHandler
                0x0000000008002f96      0x144 ./Drivers/STM32F0xx_HAL_Driver/Src/stm32f0xx_hal_dma.o
                0x0000000008002f96                HAL_DMA_IRQHandler
 .text.DMA_SetConfig
                0x00000000080030da       0x58 ./Drivers/STM32F0xx_HAL_Driver/Src/stm32f0xx_hal_dma.o
 *fill*         0x0000000008003132        0x2 
 .text.DMA_CalcBaseAndBitshift
                0x0000000008003134       0x38 ./Drivers/STM32F0xx_HAL_Driver/Src/stm32f0xx_hal_dma.o
 .text.HAL_GPIO_Init
                0x000000000800316c      0x2d0 ./Drivers/STM32F0xx_HAL_Driver/Src/stm32f0xx_hal_gpio.o
                0x000000000800316c                HAL_GPIO_Init
 .text.HAL_GPIO_ReadPin
                0x000000000800343c       0x3a ./Drivers/STM32F0xx_HAL_Driver/Src/stm32f0xx_hal_gpio.o
                0x000000000800343c                HAL_GPIO_ReadPin
 *fill*         0x0000000008003476        0x2 
 .text.HAL_RCC_OscConfig
                0x0000000008003478      0x70c ./Drivers/STM32F0xx_HAL_Driver/Src/stm32f0xx_hal_rcc.o
                0x0000000008003478                HAL_RCC_OscConfig
 .text.HAL_RCC_ClockConfig
                0x0000000008003b84      0x1b4 ./Drivers/STM32F0xx_HAL_Driver/Src/stm32f0xx_hal_rcc.o
                0x0000000008003b84                HAL_RCC_ClockConfig
 .text.HAL_RCC_GetSysClockFreq
                0x0000000008003d38       0xe4 ./Drivers/STM32F0xx_HAL_Driver/Src/stm32f0xx_hal_rcc.o
                0x0000000008003d38                HAL_RCC_GetSysClockFreq
 .text.HAL_RCC_GetHCLKFreq
                0x0000000008003e1c       0x14 ./Drivers/STM32F0xx_HAL_Driver/Src/stm32f0xx_hal_rcc.o
                0x0000000008003e1c                HAL_RCC_GetHCLKFreq
 .text.HAL_RCC_GetPCLK1Freq
                0x0000000008003e30       0x2c ./Drivers/STM32F0xx_HAL_Driver/Src/stm32f0xx_hal_rcc.o
                0x0000000008003e30                HAL_RCC_GetPCLK1Freq
 .text.HAL_TIM_Base_Init
                0x0000000008003e5c       0xa0 ./Drivers/STM32F0xx_HAL_Driver/Src/stm32f0xx_hal_tim.o
                0x0000000008003e5c                HAL_TIM_Base_Init
 .text.HAL_TIM_ConfigClockSource
                0x0000000008003efc      0x1a8 ./Drivers/STM32F0xx_HAL_Driver/Src/stm32f0xx_hal_tim.o
                0x0000000008003efc                HAL_TIM_ConfigClockSource
 .text.TIM_Base_SetConfig
                0x00000000080040a4       0xec ./Drivers/STM32F0xx_HAL_Driver/Src/stm32f0xx_hal_tim.o
                0x00000000080040a4                TIM_Base_SetConfig
 .text.TIM_TI1_ConfigInputStage
                0x0000000008004190       0x5c ./Drivers/STM32F0xx_HAL_Driver/Src/stm32f0xx_hal_tim.o
 .text.TIM_TI2_ConfigInputStage
                0x00000000080041ec       0x64 ./Drivers/STM32F0xx_HAL_Driver/Src/stm32f0xx_hal_tim.o
 .text.TIM_ITRx_SetConfig
                0x0000000008004250       0x32 ./Drivers/STM32F0xx_HAL_Driver/Src/stm32f0xx_hal_tim.o
 *fill*         0x0000000008004282        0x2 
 .text.TIM_ETR_SetConfig
                0x0000000008004284       0x40 ./Drivers/STM32F0xx_HAL_Driver/Src/stm32f0xx_hal_tim.o
                0x0000000008004284                TIM_ETR_SetConfig
 .text.HAL_TIMEx_MasterConfigSynchronization
                0x00000000080042c4       0xb0 ./Drivers/STM32F0xx_HAL_Driver/Src/stm32f0xx_hal_tim_ex.o
                0x00000000080042c4                HAL_TIMEx_MasterConfigSynchronization
 .text.HAL_UART_Init
                0x0000000008004374       0xa8 ./Drivers/STM32F0xx_HAL_Driver/Src/stm32f0xx_hal_uart.o
                0x0000000008004374                HAL_UART_Init
 .text.HAL_UART_Transmit_DMA
                0x000000000800441c      0x120 ./Drivers/STM32F0xx_HAL_Driver/Src/stm32f0xx_hal_uart.o
                0x000000000800441c                HAL_UART_Transmit_DMA
 .text.HAL_UART_Receive_DMA
                0x000000000800453c       0xae ./Drivers/STM32F0xx_HAL_Driver/Src/stm32f0xx_hal_uart.o
                0x000000000800453c                HAL_UART_Receive_DMA
 *fill*         0x00000000080045ea        0x2 
 .text.HAL_UART_IRQHandler
                0x00000000080045ec      0x5c0 ./Drivers/STM32F0xx_HAL_Driver/Src/stm32f0xx_hal_uart.o
                0x00000000080045ec                HAL_UART_IRQHandler
 .text.HAL_UART_TxHalfCpltCallback
                0x0000000008004bac       0x10 ./Drivers/STM32F0xx_HAL_Driver/Src/stm32f0xx_hal_uart.o
                0x0000000008004bac                HAL_UART_TxHalfCpltCallback
 .text.HAL_UART_RxHalfCpltCallback
                0x0000000008004bbc       0x10 ./Drivers/STM32F0xx_HAL_Driver/Src/stm32f0xx_hal_uart.o
                0x0000000008004bbc                HAL_UART_RxHalfCpltCallback
 .text.HAL_UART_ErrorCallback
                0x0000000008004bcc       0x10 ./Drivers/STM32F0xx_HAL_Driver/Src/stm32f0xx_hal_uart.o
                0x0000000008004bcc                HAL_UART_ErrorCallback
 .text.HAL_UARTEx_RxEventCallback
                0x0000000008004bdc       0x16 ./Drivers/STM32F0xx_HAL_Driver/Src/stm32f0xx_hal_uart.o
                0x0000000008004bdc                HAL_UARTEx_RxEventCallback
 *fill*         0x0000000008004bf2        0x2 
 .text.UART_SetConfig
                0x0000000008004bf4      0x280 ./Drivers/STM32F0xx_HAL_Driver/Src/stm32f0xx_hal_uart.o
                0x0000000008004bf4                UART_SetConfig
 .text.UART_AdvFeatureConfig
                0x0000000008004e74      0x168 ./Drivers/STM32F0xx_HAL_Driver/Src/stm32f0xx_hal_uart.o
                0x0000000008004e74                UART_AdvFeatureConfig
 .text.UART_CheckIdleState
                0x0000000008004fdc      0x150 ./Drivers/STM32F0xx_HAL_Driver/Src/stm32f0xx_hal_uart.o
                0x0000000008004fdc                UART_CheckIdleState
 .text.UART_WaitOnFlagUntilTimeout
                0x000000000800512c       0xd2 ./Drivers/STM32F0xx_HAL_Driver/Src/stm32f0xx_hal_uart.o
                0x000000000800512c                UART_WaitOnFlagUntilTimeout
 *fill*         0x00000000080051fe        0x2 
 .text.UART_Start_Receive_DMA
                0x0000000008005200      0x140 ./Drivers/STM32F0xx_HAL_Driver/Src/stm32f0xx_hal_uart.o
                0x0000000008005200                UART_Start_Receive_DMA
 .text.UART_EndTxTransfer
                0x0000000008005340       0x48 ./Drivers/STM32F0xx_HAL_Driver/Src/stm32f0xx_hal_uart.o
 .text.UART_EndRxTransfer
                0x0000000008005388       0xc8 ./Drivers/STM32F0xx_HAL_Driver/Src/stm32f0xx_hal_uart.o
 .text.UART_DMATransmitCplt
                0x0000000008005450       0x94 ./Drivers/STM32F0xx_HAL_Driver/Src/stm32f0xx_hal_uart.o
 .text.UART_DMATxHalfCplt
                0x00000000080054e4       0x1e ./Drivers/STM32F0xx_HAL_Driver/Src/stm32f0xx_hal_uart.o
 *fill*         0x0000000008005502        0x2 
 .text.UART_DMAReceiveCplt
                0x0000000008005504      0x12c ./Drivers/STM32F0xx_HAL_Driver/Src/stm32f0xx_hal_uart.o
 .text.UART_DMARxHalfCplt
                0x0000000008005630       0x42 ./Drivers/STM32F0xx_HAL_Driver/Src/stm32f0xx_hal_uart.o
 .text.UART_DMAError
                0x0000000008005672       0x84 ./Drivers/STM32F0xx_HAL_Driver/Src/stm32f0xx_hal_uart.o
 .text.UART_DMAAbortOnError
                0x00000000080056f6       0x2e ./Drivers/STM32F0xx_HAL_Driver/Src/stm32f0xx_hal_uart.o
 .text.UART_EndTransmit_IT
                0x0000000008005724       0x56 ./Drivers/STM32F0xx_HAL_Driver/Src/stm32f0xx_hal_uart.o
 .text.HAL_UARTEx_WakeupCallback
                0x000000000800577a       0x10 ./Drivers/STM32F0xx_HAL_Driver/Src/stm32f0xx_hal_uart_ex.o
                0x000000000800577a                HAL_UARTEx_WakeupCallback
 .text.__cxa_pure_virtual
                0x000000000800578a        0x6 /opt/st/stm32cubeide_1.12.0_3/plugins/com.st.stm32cube.ide.mcu.externaltools.gnu-tools-for-stm32.10.3-2021.10.linux64_1.0.200.202301161003/tools/bin/../lib/gcc/arm-none-eabi/10.3.1/../../../../arm-none-eabi/lib/thumb/v6-m/nofp/libstdc++_nano.a(pure.o)
                0x000000000800578a                __cxa_pure_virtual
 .text._ZN10__cxxabiv111__terminateEPFvvE
                0x0000000008005790        0x8 /opt/st/stm32cubeide_1.12.0_3/plugins/com.st.stm32cube.ide.mcu.externaltools.gnu-tools-for-stm32.10.3-2021.10.linux64_1.0.200.202301161003/tools/bin/../lib/gcc/arm-none-eabi/10.3.1/../../../../arm-none-eabi/lib/thumb/v6-m/nofp/libstdc++_nano.a(eh_terminate.o)
                0x0000000008005790                __cxxabiv1::__terminate(void (*)())
 .text._ZSt9terminatev
                0x0000000008005798       0x10 /opt/st/stm32cubeide_1.12.0_3/plugins/com.st.stm32cube.ide.mcu.externaltools.gnu-tools-for-stm32.10.3-2021.10.linux64_1.0.200.202301161003/tools/bin/../lib/gcc/arm-none-eabi/10.3.1/../../../../arm-none-eabi/lib/thumb/v6-m/nofp/libstdc++_nano.a(eh_terminate.o)
                0x0000000008005798                std::terminate()
 .text.abort    0x00000000080057a8        0xe /opt/st/stm32cubeide_1.12.0_3/plugins/com.st.stm32cube.ide.mcu.externaltools.gnu-tools-for-stm32.10.3-2021.10.linux64_1.0.200.202301161003/tools/bin/../lib/gcc/arm-none-eabi/10.3.1/../../../../arm-none-eabi/lib/thumb/v6-m/nofp/libc_nano.a(lib_a-abort.o)
                0x00000000080057a8                abort
 *fill*         0x00000000080057b6        0x2 
 .text.__errno  0x00000000080057b8        0xc /opt/st/stm32cubeide_1.12.0_3/plugins/com.st.stm32cube.ide.mcu.externaltools.gnu-tools-for-stm32.10.3-2021.10.linux64_1.0.200.202301161003/tools/bin/../lib/gcc/arm-none-eabi/10.3.1/../../../../arm-none-eabi/lib/thumb/v6-m/nofp/libc_nano.a(lib_a-errno.o)
                0x00000000080057b8                __errno
 .text.__libc_init_array
                0x00000000080057c4       0x48 /opt/st/stm32cubeide_1.12.0_3/plugins/com.st.stm32cube.ide.mcu.externaltools.gnu-tools-for-stm32.10.3-2021.10.linux64_1.0.200.202301161003/tools/bin/../lib/gcc/arm-none-eabi/10.3.1/../../../../arm-none-eabi/lib/thumb/v6-m/nofp/libc_nano.a(lib_a-init.o)
                0x00000000080057c4                __libc_init_array
 .text.memcpy   0x000000000800580c       0x12 /opt/st/stm32cubeide_1.12.0_3/plugins/com.st.stm32cube.ide.mcu.externaltools.gnu-tools-for-stm32.10.3-2021.10.linux64_1.0.200.202301161003/tools/bin/../lib/gcc/arm-none-eabi/10.3.1/../../../../arm-none-eabi/lib/thumb/v6-m/nofp/libc_nano.a(lib_a-memcpy-stub.o)
                0x000000000800580c                memcpy
 .text.memset   0x000000000800581e       0x10 /opt/st/stm32cubeide_1.12.0_3/plugins/com.st.stm32cube.ide.mcu.externaltools.gnu-tools-for-stm32.10.3-2021.10.linux64_1.0.200.202301161003/tools/bin/../lib/gcc/arm-none-eabi/10.3.1/../../../../arm-none-eabi/lib/thumb/v6-m/nofp/libc_nano.a(lib_a-memset.o)
                0x000000000800581e                memset
 *fill*         0x000000000800582e        0x2 
 .text.realloc  0x0000000008005830       0x14 /opt/st/stm32cubeide_1.12.0_3/plugins/com.st.stm32cube.ide.mcu.externaltools.gnu-tools-for-stm32.10.3-2021.10.linux64_1.0.200.202301161003/tools/bin/../lib/gcc/arm-none-eabi/10.3.1/../../../../arm-none-eabi/lib/thumb/v6-m/nofp/libc_nano.a(lib_a-realloc.o)
                0x0000000008005830                realloc
 .text._raise_r
                0x0000000008005844       0x54 /opt/st/stm32cubeide_1.12.0_3/plugins/com.st.stm32cube.ide.mcu.externaltools.gnu-tools-for-stm32.10.3-2021.10.linux64_1.0.200.202301161003/tools/bin/../lib/gcc/arm-none-eabi/10.3.1/../../../../arm-none-eabi/lib/thumb/v6-m/nofp/libc_nano.a(lib_a-signal.o)
                0x0000000008005844                _raise_r
 .text.raise    0x0000000008005898       0x14 /opt/st/stm32cubeide_1.12.0_3/plugins/com.st.stm32cube.ide.mcu.externaltools.gnu-tools-for-stm32.10.3-2021.10.linux64_1.0.200.202301161003/tools/bin/../lib/gcc/arm-none-eabi/10.3.1/../../../../arm-none-eabi/lib/thumb/v6-m/nofp/libc_nano.a(lib_a-signal.o)
                0x0000000008005898                raise
 .text._kill_r  0x00000000080058ac       0x24 /opt/st/stm32cubeide_1.12.0_3/plugins/com.st.stm32cube.ide.mcu.externaltools.gnu-tools-for-stm32.10.3-2021.10.linux64_1.0.200.202301161003/tools/bin/../lib/gcc/arm-none-eabi/10.3.1/../../../../arm-none-eabi/lib/thumb/v6-m/nofp/libc_nano.a(lib_a-signalr.o)
                0x00000000080058ac                _kill_r
 .text._getpid_r
                0x00000000080058d0        0x8 /opt/st/stm32cubeide_1.12.0_3/plugins/com.st.stm32cube.ide.mcu.externaltools.gnu-tools-for-stm32.10.3-2021.10.linux64_1.0.200.202301161003/tools/bin/../lib/gcc/arm-none-eabi/10.3.1/../../../../arm-none-eabi/lib/thumb/v6-m/nofp/libc_nano.a(lib_a-signalr.o)
                0x00000000080058d0                _getpid_r
 .text.sbrk_aligned
                0x00000000080058d8       0x44 /opt/st/stm32cubeide_1.12.0_3/plugins/com.st.stm32cube.ide.mcu.externaltools.gnu-tools-for-stm32.10.3-2021.10.linux64_1.0.200.202301161003/tools/bin/../lib/gcc/arm-none-eabi/10.3.1/../../../../arm-none-eabi/lib/thumb/v6-m/nofp/libc_nano.a(lib_a-nano-mallocr.o)
 .text._malloc_r
                0x000000000800591c       0xec /opt/st/stm32cubeide_1.12.0_3/plugins/com.st.stm32cube.ide.mcu.externaltools.gnu-tools-for-stm32.10.3-2021.10.linux64_1.0.200.202301161003/tools/bin/../lib/gcc/arm-none-eabi/10.3.1/../../../../arm-none-eabi/lib/thumb/v6-m/nofp/libc_nano.a(lib_a-nano-mallocr.o)
                0x000000000800591c                _malloc_r
 .text._realloc_r
                0x0000000008005a08       0x5e /opt/st/stm32cubeide_1.12.0_3/plugins/com.st.stm32cube.ide.mcu.externaltools.gnu-tools-for-stm32.10.3-2021.10.linux64_1.0.200.202301161003/tools/bin/../lib/gcc/arm-none-eabi/10.3.1/../../../../arm-none-eabi/lib/thumb/v6-m/nofp/libc_nano.a(lib_a-nano-reallocr.o)
                0x0000000008005a08                _realloc_r
 *fill*         0x0000000008005a66        0x2 
 .text._sbrk_r  0x0000000008005a68       0x24 /opt/st/stm32cubeide_1.12.0_3/plugins/com.st.stm32cube.ide.mcu.externaltools.gnu-tools-for-stm32.10.3-2021.10.linux64_1.0.200.202301161003/tools/bin/../lib/gcc/arm-none-eabi/10.3.1/../../../../arm-none-eabi/lib/thumb/v6-m/nofp/libc_nano.a(lib_a-sbrkr.o)
                0x0000000008005a68                _sbrk_r
 .text.__malloc_lock
                0x0000000008005a8c       0x10 /opt/st/stm32cubeide_1.12.0_3/plugins/com.st.stm32cube.ide.mcu.externaltools.gnu-tools-for-stm32.10.3-2021.10.linux64_1.0.200.202301161003/tools/bin/../lib/gcc/arm-none-eabi/10.3.1/../../../../arm-none-eabi/lib/thumb/v6-m/nofp/libc_nano.a(lib_a-mlock.o)
                0x0000000008005a8c                __malloc_lock
 .text.__malloc_unlock
                0x0000000008005a9c       0x10 /opt/st/stm32cubeide_1.12.0_3/plugins/com.st.stm32cube.ide.mcu.externaltools.gnu-tools-for-stm32.10.3-2021.10.linux64_1.0.200.202301161003/tools/bin/../lib/gcc/arm-none-eabi/10.3.1/../../../../arm-none-eabi/lib/thumb/v6-m/nofp/libc_nano.a(lib_a-mlock.o)
                0x0000000008005a9c                __malloc_unlock
 .text._free_r  0x0000000008005aac       0x94 /opt/st/stm32cubeide_1.12.0_3/plugins/com.st.stm32cube.ide.mcu.externaltools.gnu-tools-for-stm32.10.3-2021.10.linux64_1.0.200.202301161003/tools/bin/../lib/gcc/arm-none-eabi/10.3.1/../../../../arm-none-eabi/lib/thumb/v6-m/nofp/libc_nano.a(lib_a-nano-freer.o)
                0x0000000008005aac                _free_r
 .text._malloc_usable_size_r
                0x0000000008005b40       0x10 /opt/st/stm32cubeide_1.12.0_3/plugins/com.st.stm32cube.ide.mcu.externaltools.gnu-tools-for-stm32.10.3-2021.10.linux64_1.0.200.202301161003/tools/bin/../lib/gcc/arm-none-eabi/10.3.1/../../../../arm-none-eabi/lib/thumb/v6-m/nofp/libc_nano.a(lib_a-nano-msizer.o)
                0x0000000008005b40                _malloc_usable_size_r
 .text.__retarget_lock_acquire_recursive
                0x0000000008005b50        0x2 /opt/st/stm32cubeide_1.12.0_3/plugins/com.st.stm32cube.ide.mcu.externaltools.gnu-tools-for-stm32.10.3-2021.10.linux64_1.0.200.202301161003/tools/bin/../lib/gcc/arm-none-eabi/10.3.1/../../../../arm-none-eabi/lib/thumb/v6-m/nofp/libc_nano.a(lib_a-lock.o)
                0x0000000008005b50                __retarget_lock_acquire_recursive
 .text.__retarget_lock_release_recursive
                0x0000000008005b52        0x2 /opt/st/stm32cubeide_1.12.0_3/plugins/com.st.stm32cube.ide.mcu.externaltools.gnu-tools-for-stm32.10.3-2021.10.linux64_1.0.200.202301161003/tools/bin/../lib/gcc/arm-none-eabi/10.3.1/../../../../arm-none-eabi/lib/thumb/v6-m/nofp/libc_nano.a(lib_a-lock.o)
                0x0000000008005b52                __retarget_lock_release_recursive
 *(.glue_7)
 .glue_7        0x0000000008005b54        0x0 linker stubs
 *(.glue_7t)
 .glue_7t       0x0000000008005b54        0x0 linker stubs
 *(.eh_frame)
 .eh_frame      0x0000000008005b54        0x0 /opt/st/stm32cubeide_1.12.0_3/plugins/com.st.stm32cube.ide.mcu.externaltools.gnu-tools-for-stm32.10.3-2021.10.linux64_1.0.200.202301161003/tools/bin/../lib/gcc/arm-none-eabi/10.3.1/thumb/v6-m/nofp/crtbegin.o
 *(.init)
 .init          0x0000000008005b54        0x4 /opt/st/stm32cubeide_1.12.0_3/plugins/com.st.stm32cube.ide.mcu.externaltools.gnu-tools-for-stm32.10.3-2021.10.linux64_1.0.200.202301161003/tools/bin/../lib/gcc/arm-none-eabi/10.3.1/thumb/v6-m/nofp/crti.o
                0x0000000008005b54                _init
 .init          0x0000000008005b58        0x8 /opt/st/stm32cubeide_1.12.0_3/plugins/com.st.stm32cube.ide.mcu.externaltools.gnu-tools-for-stm32.10.3-2021.10.linux64_1.0.200.202301161003/tools/bin/../lib/gcc/arm-none-eabi/10.3.1/thumb/v6-m/nofp/crtn.o
 *(.fini)
 .fini          0x0000000008005b60        0x4 /opt/st/stm32cubeide_1.12.0_3/plugins/com.st.stm32cube.ide.mcu.externaltools.gnu-tools-for-stm32.10.3-2021.10.linux64_1.0.200.202301161003/tools/bin/../lib/gcc/arm-none-eabi/10.3.1/thumb/v6-m/nofp/crti.o
                0x0000000008005b60                _fini
 .fini          0x0000000008005b64        0x8 /opt/st/stm32cubeide_1.12.0_3/plugins/com.st.stm32cube.ide.mcu.externaltools.gnu-tools-for-stm32.10.3-2021.10.linux64_1.0.200.202301161003/tools/bin/../lib/gcc/arm-none-eabi/10.3.1/thumb/v6-m/nofp/crtn.o
                0x0000000008005b6c                . = ALIGN (0x4)
                0x0000000008005b6c                _etext = .

.vfp11_veneer   0x0000000008005b6c        0x0
 .vfp11_veneer  0x0000000008005b6c        0x0 linker stubs

.v4_bx          0x0000000008005b6c        0x0
 .v4_bx         0x0000000008005b6c        0x0 linker stubs

.iplt           0x0000000008005b6c        0x0
 .iplt          0x0000000008005b6c        0x0 /opt/st/stm32cubeide_1.12.0_3/plugins/com.st.stm32cube.ide.mcu.externaltools.gnu-tools-for-stm32.10.3-2021.10.linux64_1.0.200.202301161003/tools/bin/../lib/gcc/arm-none-eabi/10.3.1/thumb/v6-m/nofp/crtbegin.o

.rodata         0x0000000008005b6c      0x308
                0x0000000008005b6c                . = ALIGN (0x4)
 *(.rodata)
 .rodata        0x0000000008005b6c      0x19b ./Core/Src/mainpp.o
 *(.rodata*)
 *fill*         0x0000000008005d07        0x1 
 .rodata._ZN14rosserial_msgsL12REQUESTPARAME
                0x0000000008005d08       0x1c ./Core/Src/mainpp.o
 .rodata._ZN8std_srvsL7TRIGGERE
                0x0000000008005d24       0x11 ./Core/Src/mainpp.o
 *fill*         0x0000000008005d35        0x3 
 .rodata._ZTVN3ros13ServiceClientIN8std_srvs14TriggerRequestENS1_15TriggerResponseEEE
                0x0000000008005d38       0x1c ./Core/Src/mainpp.o
                0x0000000008005d38                vtable for ros::ServiceClient<std_srvs::TriggerRequest, std_srvs::TriggerResponse>
 .rodata._ZTVN3ros11NodeHandle_I13STM32HardwareLi25ELi25ELi512ELi512EEE
                0x0000000008005d54       0x14 ./Core/Src/mainpp.o
                0x0000000008005d54                vtable for ros::NodeHandle_<STM32Hardware, 25, 25, 512, 512>
 .rodata._ZTVN8std_srvs15TriggerResponseE
                0x0000000008005d68       0x18 ./Core/Src/mainpp.o
                0x0000000008005d68                vtable for std_srvs::TriggerResponse
 .rodata._ZTVN8std_srvs14TriggerRequestE
                0x0000000008005d80       0x18 ./Core/Src/mainpp.o
                0x0000000008005d80                vtable for std_srvs::TriggerRequest
 .rodata._ZTVN3ros11Subscriber_E
                0x0000000008005d98       0x18 ./Core/Src/mainpp.o
                0x0000000008005d98                vtable for ros::Subscriber_
 .rodata._ZTVN3ros15NodeHandleBase_E
                0x0000000008005db0       0x14 ./Core/Src/mainpp.o
                0x0000000008005db0                vtable for ros::NodeHandleBase_
 .rodata._ZTVN14rosserial_msgs20RequestParamResponseE
                0x0000000008005dc4       0x18 ./Core/Src/mainpp.o
                0x0000000008005dc4                vtable for rosserial_msgs::RequestParamResponse
 .rodata._ZTVN14rosserial_msgs3LogE
                0x0000000008005ddc       0x18 ./Core/Src/mainpp.o
                0x0000000008005ddc                vtable for rosserial_msgs::Log
 .rodata._ZTVN14rosserial_msgs9TopicInfoE
                0x0000000008005df4       0x18 ./Core/Src/mainpp.o
                0x0000000008005df4                vtable for rosserial_msgs::TopicInfo
 .rodata._ZTVN8std_msgs4TimeE
                0x0000000008005e0c       0x18 ./Core/Src/mainpp.o
                0x0000000008005e0c                vtable for std_msgs::Time
 .rodata._ZTVN3ros3MsgE
                0x0000000008005e24       0x18 ./Core/Src/mainpp.o
                0x0000000008005e24                vtable for ros::Msg
 .rodata.AHBPrescTable
                0x0000000008005e3c       0x10 ./Core/Src/system_stm32f0xx.o
                0x0000000008005e3c                AHBPrescTable
 .rodata.APBPrescTable
                0x0000000008005e4c        0x8 ./Core/Src/system_stm32f0xx.o
                0x0000000008005e4c                APBPrescTable
 .rodata.aPLLMULFactorTable.1
                0x0000000008005e54       0x10 ./Drivers/STM32F0xx_HAL_Driver/Src/stm32f0xx_hal_rcc.o
 .rodata.aPredivFactorTable.0
                0x0000000008005e64       0x10 ./Drivers/STM32F0xx_HAL_Driver/Src/stm32f0xx_hal_rcc.o
                0x0000000008005e74                . = ALIGN (0x4)

.rel.dyn        0x0000000008005e74        0x0
 .rel.iplt      0x0000000008005e74        0x0 /opt/st/stm32cubeide_1.12.0_3/plugins/com.st.stm32cube.ide.mcu.externaltools.gnu-tools-for-stm32.10.3-2021.10.linux64_1.0.200.202301161003/tools/bin/../lib/gcc/arm-none-eabi/10.3.1/thumb/v6-m/nofp/crtbegin.o

.ARM.extab      0x0000000008005e74        0x0
                0x0000000008005e74                . = ALIGN (0x4)
 *(.ARM.extab* .gnu.linkonce.armextab.*)
                0x0000000008005e74                . = ALIGN (0x4)

.ARM            0x0000000008005e74        0x0
                0x0000000008005e74                . = ALIGN (0x4)
                0x0000000008005e74                __exidx_start = .
 *(.ARM.exidx*)
                0x0000000008005e74                __exidx_end = .
                0x0000000008005e74                . = ALIGN (0x4)

.preinit_array  0x0000000008005e74        0x0
                0x0000000008005e74                . = ALIGN (0x4)
                0x0000000008005e74                PROVIDE (__preinit_array_start = .)
 *(.preinit_array*)
                0x0000000008005e74                PROVIDE (__preinit_array_end = .)
                0x0000000008005e74                . = ALIGN (0x4)

.init_array     0x0000000008005e74        0x8
                0x0000000008005e74                . = ALIGN (0x4)
                0x0000000008005e74                PROVIDE (__init_array_start = .)
 *(SORT_BY_NAME(.init_array.*))
 *(.init_array*)
 .init_array    0x0000000008005e74        0x4 /opt/st/stm32cubeide_1.12.0_3/plugins/com.st.stm32cube.ide.mcu.externaltools.gnu-tools-for-stm32.10.3-2021.10.linux64_1.0.200.202301161003/tools/bin/../lib/gcc/arm-none-eabi/10.3.1/thumb/v6-m/nofp/crtbegin.o
 .init_array    0x0000000008005e78        0x4 ./Core/Src/mainpp.o
                0x0000000008005e7c                PROVIDE (__init_array_end = .)
                0x0000000008005e7c                . = ALIGN (0x4)

.fini_array     0x0000000008005e7c        0x4
                0x0000000008005e7c                . = ALIGN (0x4)
                [!provide]                        PROVIDE (__fini_array_start = .)
 *(SORT_BY_NAME(.fini_array.*))
 *(.fini_array*)
 .fini_array    0x0000000008005e7c        0x4 /opt/st/stm32cubeide_1.12.0_3/plugins/com.st.stm32cube.ide.mcu.externaltools.gnu-tools-for-stm32.10.3-2021.10.linux64_1.0.200.202301161003/tools/bin/../lib/gcc/arm-none-eabi/10.3.1/thumb/v6-m/nofp/crtbegin.o
                [!provide]                        PROVIDE (__fini_array_end = .)
                0x0000000008005e80                . = ALIGN (0x4)
                0x0000000008005e80                _sidata = LOADADDR (.data)

.data           0x0000000020000000       0x74 load address 0x0000000008005e80
                0x0000000020000000                . = ALIGN (0x4)
                0x0000000020000000                _sdata = .
 *(.data)
 *(.data*)
 .data.SystemCoreClock
                0x0000000020000000        0x4 ./Core/Src/system_stm32f0xx.o
                0x0000000020000000                SystemCoreClock
 .data.uwTickPrio
                0x0000000020000004        0x4 ./Drivers/STM32F0xx_HAL_Driver/Src/stm32f0xx_hal.o
                0x0000000020000004                uwTickPrio
 .data.uwTickFreq
                0x0000000020000008        0x1 ./Drivers/STM32F0xx_HAL_Driver/Src/stm32f0xx_hal.o
                0x0000000020000008                uwTickFreq
 *fill*         0x0000000020000009        0x3 
 .data._ZN10__cxxabiv119__terminate_handlerE
                0x000000002000000c        0x4 /opt/st/stm32cubeide_1.12.0_3/plugins/com.st.stm32cube.ide.mcu.externaltools.gnu-tools-for-stm32.10.3-2021.10.linux64_1.0.200.202301161003/tools/bin/../lib/gcc/arm-none-eabi/10.3.1/../../../../arm-none-eabi/lib/thumb/v6-m/nofp/libstdc++_nano.a(eh_term_handler.o)
                0x000000002000000c                __cxxabiv1::__terminate_handler
 .data._impure_ptr
                0x0000000020000010        0x4 /opt/st/stm32cubeide_1.12.0_3/plugins/com.st.stm32cube.ide.mcu.externaltools.gnu-tools-for-stm32.10.3-2021.10.linux64_1.0.200.202301161003/tools/bin/../lib/gcc/arm-none-eabi/10.3.1/../../../../arm-none-eabi/lib/thumb/v6-m/nofp/libc_nano.a(lib_a-impure.o)
                0x0000000020000010                _impure_ptr
 .data.impure_data
                0x0000000020000014       0x60 /opt/st/stm32cubeide_1.12.0_3/plugins/com.st.stm32cube.ide.mcu.externaltools.gnu-tools-for-stm32.10.3-2021.10.linux64_1.0.200.202301161003/tools/bin/../lib/gcc/arm-none-eabi/10.3.1/../../../../arm-none-eabi/lib/thumb/v6-m/nofp/libc_nano.a(lib_a-impure.o)
 *(.RamFunc)
 *(.RamFunc*)
                0x0000000020000074                . = ALIGN (0x4)
                0x0000000020000074                _edata = .

.igot.plt       0x0000000020000074        0x0 load address 0x0000000008005ef4
 .igot.plt      0x0000000020000074        0x0 /opt/st/stm32cubeide_1.12.0_3/plugins/com.st.stm32cube.ide.mcu.externaltools.gnu-tools-for-stm32.10.3-2021.10.linux64_1.0.200.202301161003/tools/bin/../lib/gcc/arm-none-eabi/10.3.1/thumb/v6-m/nofp/crtbegin.o
                0x0000000020000074                . = ALIGN (0x4)

.bss            0x0000000020000074      0xb08 load address 0x0000000008005ef4
                0x0000000020000074                _sbss = .
                0x0000000020000074                __bss_start__ = _sbss
 *(.bss)
 .bss           0x0000000020000074       0x1c /opt/st/stm32cubeide_1.12.0_3/plugins/com.st.stm32cube.ide.mcu.externaltools.gnu-tools-for-stm32.10.3-2021.10.linux64_1.0.200.202301161003/tools/bin/../lib/gcc/arm-none-eabi/10.3.1/thumb/v6-m/nofp/crtbegin.o
 *(.bss*)
 .bss.htim2     0x0000000020000090       0x48 ./Core/Src/main.o
                0x0000000020000090                htim2
 .bss.huart2    0x00000000200000d8       0x88 ./Core/Src/main.o
                0x00000000200000d8                huart2
 .bss.hdma_usart2_rx
                0x0000000020000160       0x44 ./Core/Src/main.o
                0x0000000020000160                hdma_usart2_rx
 .bss.hdma_usart2_tx
                0x00000000200001a4       0x44 ./Core/Src/main.o
                0x00000000200001a4                hdma_usart2_tx
 .bss._ZZN13STM32Hardware5flushEvE5mutex
                0x00000000200001e8        0x1 ./Core/Src/mainpp.o
                0x00000000200001e8                STM32Hardware::flush()::mutex
 *fill*         0x00000000200001e9        0x3 
 .bss.nh        0x00000000200001ec      0x93c ./Core/Src/mainpp.o
                0x00000000200001ec                nh
 .bss.next_waypoint_client
                0x0000000020000b28       0x38 ./Core/Src/mainpp.o
                0x0000000020000b28                next_waypoint_client
 .bss.button_push_continue
                0x0000000020000b60        0x1 ./Core/Src/mainpp.o
                0x0000000020000b60                button_push_continue
 *fill*         0x0000000020000b61        0x3 
 .bss.__sbrk_heap_end
                0x0000000020000b64        0x4 ./Core/Src/sysmem.o
 .bss.uwTick    0x0000000020000b68        0x4 ./Drivers/STM32F0xx_HAL_Driver/Src/stm32f0xx_hal.o
                0x0000000020000b68                uwTick
 .bss.__malloc_free_list
                0x0000000020000b6c        0x4 /opt/st/stm32cubeide_1.12.0_3/plugins/com.st.stm32cube.ide.mcu.externaltools.gnu-tools-for-stm32.10.3-2021.10.linux64_1.0.200.202301161003/tools/bin/../lib/gcc/arm-none-eabi/10.3.1/../../../../arm-none-eabi/lib/thumb/v6-m/nofp/libc_nano.a(lib_a-nano-mallocr.o)
                0x0000000020000b6c                __malloc_free_list
 .bss.__malloc_sbrk_start
                0x0000000020000b70        0x4 /opt/st/stm32cubeide_1.12.0_3/plugins/com.st.stm32cube.ide.mcu.externaltools.gnu-tools-for-stm32.10.3-2021.10.linux64_1.0.200.202301161003/tools/bin/../lib/gcc/arm-none-eabi/10.3.1/../../../../arm-none-eabi/lib/thumb/v6-m/nofp/libc_nano.a(lib_a-nano-mallocr.o)
                0x0000000020000b70                __malloc_sbrk_start
 .bss.errno     0x0000000020000b74        0x4 /opt/st/stm32cubeide_1.12.0_3/plugins/com.st.stm32cube.ide.mcu.externaltools.gnu-tools-for-stm32.10.3-2021.10.linux64_1.0.200.202301161003/tools/bin/../lib/gcc/arm-none-eabi/10.3.1/../../../../arm-none-eabi/lib/thumb/v6-m/nofp/libc_nano.a(lib_a-reent.o)
                0x0000000020000b74                errno
 .bss.__lock___malloc_recursive_mutex
                0x0000000020000b78        0x1 /opt/st/stm32cubeide_1.12.0_3/plugins/com.st.stm32cube.ide.mcu.externaltools.gnu-tools-for-stm32.10.3-2021.10.linux64_1.0.200.202301161003/tools/bin/../lib/gcc/arm-none-eabi/10.3.1/../../../../arm-none-eabi/lib/thumb/v6-m/nofp/libc_nano.a(lib_a-lock.o)
                0x0000000020000b78                __lock___malloc_recursive_mutex
 *(COMMON)
                0x0000000020000b7c                . = ALIGN (0x4)
 *fill*         0x0000000020000b79        0x3 
                0x0000000020000b7c                _ebss = .
                0x0000000020000b7c                __bss_end__ = _ebss

._user_heap_stack
                0x0000000020000b7c      0x604 load address 0x0000000008005ef4
                0x0000000020000b80                . = ALIGN (0x8)
 *fill*         0x0000000020000b7c        0x4 
                [!provide]                        PROVIDE (end = .)
                0x0000000020000b80                PROVIDE (_end = .)
                0x0000000020000d80                . = (. + _Min_Heap_Size)
 *fill*         0x0000000020000b80      0x200 
                0x0000000020001180                . = (. + _Min_Stack_Size)
 *fill*         0x0000000020000d80      0x400 
                0x0000000020001180                . = ALIGN (0x8)

/DISCARD/
 libc.a(*)
 libm.a(*)
 libgcc.a(*)

.ARM.attributes
                0x0000000000000000       0x28
 *(.ARM.attributes)
 .ARM.attributes
                0x0000000000000000       0x1e /opt/st/stm32cubeide_1.12.0_3/plugins/com.st.stm32cube.ide.mcu.externaltools.gnu-tools-for-stm32.10.3-2021.10.linux64_1.0.200.202301161003/tools/bin/../lib/gcc/arm-none-eabi/10.3.1/thumb/v6-m/nofp/crti.o
 .ARM.attributes
                0x000000000000001e       0x2c /opt/st/stm32cubeide_1.12.0_3/plugins/com.st.stm32cube.ide.mcu.externaltools.gnu-tools-for-stm32.10.3-2021.10.linux64_1.0.200.202301161003/tools/bin/../lib/gcc/arm-none-eabi/10.3.1/thumb/v6-m/nofp/crtbegin.o
 .ARM.attributes
                0x000000000000004a       0x2c ./Core/Inc/time.o
 .ARM.attributes
                0x0000000000000076       0x2c ./Core/Src/main.o
 .ARM.attributes
                0x00000000000000a2       0x2c ./Core/Src/mainpp.o
 .ARM.attributes
                0x00000000000000ce       0x2c ./Core/Src/stm32f0xx_hal_msp.o
 .ARM.attributes
                0x00000000000000fa       0x2c ./Core/Src/stm32f0xx_it.o
 .ARM.attributes
                0x0000000000000126       0x2c ./Core/Src/syscalls.o
 .ARM.attributes
                0x0000000000000152       0x2c ./Core/Src/sysmem.o
 .ARM.attributes
                0x000000000000017e       0x2c ./Core/Src/system_stm32f0xx.o
 .ARM.attributes
                0x00000000000001aa       0x21 ./Core/Startup/startup_stm32f042k6tx.o
 .ARM.attributes
                0x00000000000001cb       0x2c ./Drivers/STM32F0xx_HAL_Driver/Src/stm32f0xx_hal.o
 .ARM.attributes
                0x00000000000001f7       0x2c ./Drivers/STM32F0xx_HAL_Driver/Src/stm32f0xx_hal_cortex.o
 .ARM.attributes
                0x0000000000000223       0x2c ./Drivers/STM32F0xx_HAL_Driver/Src/stm32f0xx_hal_dma.o
 .ARM.attributes
                0x000000000000024f       0x2c ./Drivers/STM32F0xx_HAL_Driver/Src/stm32f0xx_hal_gpio.o
 .ARM.attributes
                0x000000000000027b       0x2c ./Drivers/STM32F0xx_HAL_Driver/Src/stm32f0xx_hal_rcc.o
 .ARM.attributes
                0x00000000000002a7       0x2c ./Drivers/STM32F0xx_HAL_Driver/Src/stm32f0xx_hal_tim.o
 .ARM.attributes
                0x00000000000002d3       0x2c ./Drivers/STM32F0xx_HAL_Driver/Src/stm32f0xx_hal_tim_ex.o
 .ARM.attributes
                0x00000000000002ff       0x2c ./Drivers/STM32F0xx_HAL_Driver/Src/stm32f0xx_hal_uart.o
 .ARM.attributes
                0x000000000000032b       0x2c ./Drivers/STM32F0xx_HAL_Driver/Src/stm32f0xx_hal_uart_ex.o
 .ARM.attributes
                0x0000000000000357       0x2c /opt/st/stm32cubeide_1.12.0_3/plugins/com.st.stm32cube.ide.mcu.externaltools.gnu-tools-for-stm32.10.3-2021.10.linux64_1.0.200.202301161003/tools/bin/../lib/gcc/arm-none-eabi/10.3.1/../../../../arm-none-eabi/lib/thumb/v6-m/nofp/libstdc++_nano.a(pure.o)
 .ARM.attributes
                0x0000000000000383       0x2c /opt/st/stm32cubeide_1.12.0_3/plugins/com.st.stm32cube.ide.mcu.externaltools.gnu-tools-for-stm32.10.3-2021.10.linux64_1.0.200.202301161003/tools/bin/../lib/gcc/arm-none-eabi/10.3.1/../../../../arm-none-eabi/lib/thumb/v6-m/nofp/libstdc++_nano.a(eh_terminate.o)
 .ARM.attributes
                0x00000000000003af       0x2c /opt/st/stm32cubeide_1.12.0_3/plugins/com.st.stm32cube.ide.mcu.externaltools.gnu-tools-for-stm32.10.3-2021.10.linux64_1.0.200.202301161003/tools/bin/../lib/gcc/arm-none-eabi/10.3.1/../../../../arm-none-eabi/lib/thumb/v6-m/nofp/libstdc++_nano.a(eh_term_handler.o)
 .ARM.attributes
                0x00000000000003db       0x2c /opt/st/stm32cubeide_1.12.0_3/plugins/com.st.stm32cube.ide.mcu.externaltools.gnu-tools-for-stm32.10.3-2021.10.linux64_1.0.200.202301161003/tools/bin/../lib/gcc/arm-none-eabi/10.3.1/../../../../arm-none-eabi/lib/thumb/v6-m/nofp/libc_nano.a(lib_a-abort.o)
 .ARM.attributes
                0x0000000000000407       0x2c /opt/st/stm32cubeide_1.12.0_3/plugins/com.st.stm32cube.ide.mcu.externaltools.gnu-tools-for-stm32.10.3-2021.10.linux64_1.0.200.202301161003/tools/bin/../lib/gcc/arm-none-eabi/10.3.1/../../../../arm-none-eabi/lib/thumb/v6-m/nofp/libc_nano.a(lib_a-errno.o)
 .ARM.attributes
                0x0000000000000433       0x2c /opt/st/stm32cubeide_1.12.0_3/plugins/com.st.stm32cube.ide.mcu.externaltools.gnu-tools-for-stm32.10.3-2021.10.linux64_1.0.200.202301161003/tools/bin/../lib/gcc/arm-none-eabi/10.3.1/../../../../arm-none-eabi/lib/thumb/v6-m/nofp/libc_nano.a(lib_a-impure.o)
 .ARM.attributes
                0x000000000000045f       0x2c /opt/st/stm32cubeide_1.12.0_3/plugins/com.st.stm32cube.ide.mcu.externaltools.gnu-tools-for-stm32.10.3-2021.10.linux64_1.0.200.202301161003/tools/bin/../lib/gcc/arm-none-eabi/10.3.1/../../../../arm-none-eabi/lib/thumb/v6-m/nofp/libc_nano.a(lib_a-init.o)
 .ARM.attributes
                0x000000000000048b       0x2c /opt/st/stm32cubeide_1.12.0_3/plugins/com.st.stm32cube.ide.mcu.externaltools.gnu-tools-for-stm32.10.3-2021.10.linux64_1.0.200.202301161003/tools/bin/../lib/gcc/arm-none-eabi/10.3.1/../../../../arm-none-eabi/lib/thumb/v6-m/nofp/libc_nano.a(lib_a-memcpy-stub.o)
 .ARM.attributes
                0x00000000000004b7       0x2c /opt/st/stm32cubeide_1.12.0_3/plugins/com.st.stm32cube.ide.mcu.externaltools.gnu-tools-for-stm32.10.3-2021.10.linux64_1.0.200.202301161003/tools/bin/../lib/gcc/arm-none-eabi/10.3.1/../../../../arm-none-eabi/lib/thumb/v6-m/nofp/libc_nano.a(lib_a-memset.o)
 .ARM.attributes
                0x00000000000004e3       0x2c /opt/st/stm32cubeide_1.12.0_3/plugins/com.st.stm32cube.ide.mcu.externaltools.gnu-tools-for-stm32.10.3-2021.10.linux64_1.0.200.202301161003/tools/bin/../lib/gcc/arm-none-eabi/10.3.1/../../../../arm-none-eabi/lib/thumb/v6-m/nofp/libc_nano.a(lib_a-realloc.o)
 .ARM.attributes
                0x000000000000050f       0x2c /opt/st/stm32cubeide_1.12.0_3/plugins/com.st.stm32cube.ide.mcu.externaltools.gnu-tools-for-stm32.10.3-2021.10.linux64_1.0.200.202301161003/tools/bin/../lib/gcc/arm-none-eabi/10.3.1/../../../../arm-none-eabi/lib/thumb/v6-m/nofp/libc_nano.a(lib_a-signal.o)
 .ARM.attributes
                0x000000000000053b       0x2c /opt/st/stm32cubeide_1.12.0_3/plugins/com.st.stm32cube.ide.mcu.externaltools.gnu-tools-for-stm32.10.3-2021.10.linux64_1.0.200.202301161003/tools/bin/../lib/gcc/arm-none-eabi/10.3.1/../../../../arm-none-eabi/lib/thumb/v6-m/nofp/libc_nano.a(lib_a-signalr.o)
 .ARM.attributes
                0x0000000000000567       0x1c /opt/st/stm32cubeide_1.12.0_3/plugins/com.st.stm32cube.ide.mcu.externaltools.gnu-tools-for-stm32.10.3-2021.10.linux64_1.0.200.202301161003/tools/bin/../lib/gcc/arm-none-eabi/10.3.1/../../../../arm-none-eabi/lib/thumb/v6-m/nofp/libc_nano.a(lib_a-strlen.o)
 .ARM.attributes
                0x0000000000000583       0x2c /opt/st/stm32cubeide_1.12.0_3/plugins/com.st.stm32cube.ide.mcu.externaltools.gnu-tools-for-stm32.10.3-2021.10.linux64_1.0.200.202301161003/tools/bin/../lib/gcc/arm-none-eabi/10.3.1/../../../../arm-none-eabi/lib/thumb/v6-m/nofp/libc_nano.a(lib_a-nano-mallocr.o)
 .ARM.attributes
                0x00000000000005af       0x2c /opt/st/stm32cubeide_1.12.0_3/plugins/com.st.stm32cube.ide.mcu.externaltools.gnu-tools-for-stm32.10.3-2021.10.linux64_1.0.200.202301161003/tools/bin/../lib/gcc/arm-none-eabi/10.3.1/../../../../arm-none-eabi/lib/thumb/v6-m/nofp/libc_nano.a(lib_a-nano-reallocr.o)
 .ARM.attributes
                0x00000000000005db       0x2c /opt/st/stm32cubeide_1.12.0_3/plugins/com.st.stm32cube.ide.mcu.externaltools.gnu-tools-for-stm32.10.3-2021.10.linux64_1.0.200.202301161003/tools/bin/../lib/gcc/arm-none-eabi/10.3.1/../../../../arm-none-eabi/lib/thumb/v6-m/nofp/libc_nano.a(lib_a-reent.o)
 .ARM.attributes
                0x0000000000000607       0x2c /opt/st/stm32cubeide_1.12.0_3/plugins/com.st.stm32cube.ide.mcu.externaltools.gnu-tools-for-stm32.10.3-2021.10.linux64_1.0.200.202301161003/tools/bin/../lib/gcc/arm-none-eabi/10.3.1/../../../../arm-none-eabi/lib/thumb/v6-m/nofp/libc_nano.a(lib_a-sbrkr.o)
 .ARM.attributes
                0x0000000000000633       0x2c /opt/st/stm32cubeide_1.12.0_3/plugins/com.st.stm32cube.ide.mcu.externaltools.gnu-tools-for-stm32.10.3-2021.10.linux64_1.0.200.202301161003/tools/bin/../lib/gcc/arm-none-eabi/10.3.1/../../../../arm-none-eabi/lib/thumb/v6-m/nofp/libc_nano.a(lib_a-mlock.o)
 .ARM.attributes
                0x000000000000065f       0x2c /opt/st/stm32cubeide_1.12.0_3/plugins/com.st.stm32cube.ide.mcu.externaltools.gnu-tools-for-stm32.10.3-2021.10.linux64_1.0.200.202301161003/tools/bin/../lib/gcc/arm-none-eabi/10.3.1/../../../../arm-none-eabi/lib/thumb/v6-m/nofp/libc_nano.a(lib_a-nano-freer.o)
 .ARM.attributes
                0x000000000000068b       0x2c /opt/st/stm32cubeide_1.12.0_3/plugins/com.st.stm32cube.ide.mcu.externaltools.gnu-tools-for-stm32.10.3-2021.10.linux64_1.0.200.202301161003/tools/bin/../lib/gcc/arm-none-eabi/10.3.1/../../../../arm-none-eabi/lib/thumb/v6-m/nofp/libc_nano.a(lib_a-nano-msizer.o)
 .ARM.attributes
                0x00000000000006b7       0x2c /opt/st/stm32cubeide_1.12.0_3/plugins/com.st.stm32cube.ide.mcu.externaltools.gnu-tools-for-stm32.10.3-2021.10.linux64_1.0.200.202301161003/tools/bin/../lib/gcc/arm-none-eabi/10.3.1/../../../../arm-none-eabi/lib/thumb/v6-m/nofp/libc_nano.a(lib_a-lock.o)
 .ARM.attributes
                0x00000000000006e3       0x1e /opt/st/stm32cubeide_1.12.0_3/plugins/com.st.stm32cube.ide.mcu.externaltools.gnu-tools-for-stm32.10.3-2021.10.linux64_1.0.200.202301161003/tools/bin/../lib/gcc/arm-none-eabi/10.3.1/thumb/v6-m/nofp/libgcc.a(_udivsi3.o)
 .ARM.attributes
                0x0000000000000701       0x1e /opt/st/stm32cubeide_1.12.0_3/plugins/com.st.stm32cube.ide.mcu.externaltools.gnu-tools-for-stm32.10.3-2021.10.linux64_1.0.200.202301161003/tools/bin/../lib/gcc/arm-none-eabi/10.3.1/thumb/v6-m/nofp/libgcc.a(_dvmd_tls.o)
 .ARM.attributes
                0x000000000000071f       0x1e /opt/st/stm32cubeide_1.12.0_3/plugins/com.st.stm32cube.ide.mcu.externaltools.gnu-tools-for-stm32.10.3-2021.10.linux64_1.0.200.202301161003/tools/bin/../lib/gcc/arm-none-eabi/10.3.1/thumb/v6-m/nofp/crtn.o
OUTPUT(F042_rosserial_waypoint_switch.elf elf32-littlearm)
LOAD linker stubs
LOAD /opt/st/stm32cubeide_1.12.0_3/plugins/com.st.stm32cube.ide.mcu.externaltools.gnu-tools-for-stm32.10.3-2021.10.linux64_1.0.200.202301161003/tools/bin/../lib/gcc/arm-none-eabi/10.3.1/../../../../arm-none-eabi/lib/thumb/v6-m/nofp/libc.a
LOAD /opt/st/stm32cubeide_1.12.0_3/plugins/com.st.stm32cube.ide.mcu.externaltools.gnu-tools-for-stm32.10.3-2021.10.linux64_1.0.200.202301161003/tools/bin/../lib/gcc/arm-none-eabi/10.3.1/../../../../arm-none-eabi/lib/thumb/v6-m/nofp/libm.a
LOAD /opt/st/stm32cubeide_1.12.0_3/plugins/com.st.stm32cube.ide.mcu.externaltools.gnu-tools-for-stm32.10.3-2021.10.linux64_1.0.200.202301161003/tools/bin/../lib/gcc/arm-none-eabi/10.3.1/thumb/v6-m/nofp/libgcc.a

.debug_info     0x0000000000000000    0x15c2a
 .debug_info    0x0000000000000000     0x1bea ./Core/Inc/time.o
 .debug_info    0x0000000000001bea     0x1138 ./Core/Src/main.o
 .debug_info    0x0000000000002d22     0x5e71 ./Core/Src/mainpp.o
 .debug_info    0x0000000000008b93      0xeb4 ./Core/Src/stm32f0xx_hal_msp.o
 .debug_info    0x0000000000009a47      0x739 ./Core/Src/stm32f0xx_it.o
 .debug_info    0x000000000000a180      0x6e0 ./Core/Src/syscalls.o
 .debug_info    0x000000000000a860      0x171 ./Core/Src/sysmem.o
 .debug_info    0x000000000000a9d1      0x269 ./Core/Src/system_stm32f0xx.o
 .debug_info    0x000000000000ac3a       0x22 ./Core/Startup/startup_stm32f042k6tx.o
 .debug_info    0x000000000000ac5c      0x6d2 ./Drivers/STM32F0xx_HAL_Driver/Src/stm32f0xx_hal.o
 .debug_info    0x000000000000b32e      0x705 ./Drivers/STM32F0xx_HAL_Driver/Src/stm32f0xx_hal_cortex.o
 .debug_info    0x000000000000ba33      0x75c ./Drivers/STM32F0xx_HAL_Driver/Src/stm32f0xx_hal_dma.o
 .debug_info    0x000000000000c18f      0x628 ./Drivers/STM32F0xx_HAL_Driver/Src/stm32f0xx_hal_gpio.o
 .debug_info    0x000000000000c7b7      0x8b0 ./Drivers/STM32F0xx_HAL_Driver/Src/stm32f0xx_hal_rcc.o
 .debug_info    0x000000000000d067     0x2bab ./Drivers/STM32F0xx_HAL_Driver/Src/stm32f0xx_hal_tim.o
 .debug_info    0x000000000000fc12     0x15c7 ./Drivers/STM32F0xx_HAL_Driver/Src/stm32f0xx_hal_tim_ex.o
 .debug_info    0x00000000000111d9     0x3d40 ./Drivers/STM32F0xx_HAL_Driver/Src/stm32f0xx_hal_uart.o
 .debug_info    0x0000000000014f19      0xd11 ./Drivers/STM32F0xx_HAL_Driver/Src/stm32f0xx_hal_uart_ex.o

.debug_abbrev   0x0000000000000000     0x2a68
 .debug_abbrev  0x0000000000000000      0x2cb ./Core/Inc/time.o
 .debug_abbrev  0x00000000000002cb      0x2a7 ./Core/Src/main.o
 .debug_abbrev  0x0000000000000572      0x89b ./Core/Src/mainpp.o
 .debug_abbrev  0x0000000000000e0d      0x225 ./Core/Src/stm32f0xx_hal_msp.o
 .debug_abbrev  0x0000000000001032      0x166 ./Core/Src/stm32f0xx_it.o
 .debug_abbrev  0x0000000000001198      0x1b3 ./Core/Src/syscalls.o
 .debug_abbrev  0x000000000000134b       0xbb ./Core/Src/sysmem.o
 .debug_abbrev  0x0000000000001406      0x116 ./Core/Src/system_stm32f0xx.o
 .debug_abbrev  0x000000000000151c       0x12 ./Core/Startup/startup_stm32f042k6tx.o
 .debug_abbrev  0x000000000000152e      0x23f ./Drivers/STM32F0xx_HAL_Driver/Src/stm32f0xx_hal.o
 .debug_abbrev  0x000000000000176d      0x283 ./Drivers/STM32F0xx_HAL_Driver/Src/stm32f0xx_hal_cortex.o
 .debug_abbrev  0x00000000000019f0      0x218 ./Drivers/STM32F0xx_HAL_Driver/Src/stm32f0xx_hal_dma.o
 .debug_abbrev  0x0000000000001c08      0x1bb ./Drivers/STM32F0xx_HAL_Driver/Src/stm32f0xx_hal_gpio.o
 .debug_abbrev  0x0000000000001dc3      0x283 ./Drivers/STM32F0xx_HAL_Driver/Src/stm32f0xx_hal_rcc.o
 .debug_abbrev  0x0000000000002046      0x264 ./Drivers/STM32F0xx_HAL_Driver/Src/stm32f0xx_hal_tim.o
 .debug_abbrev  0x00000000000022aa      0x26c ./Drivers/STM32F0xx_HAL_Driver/Src/stm32f0xx_hal_tim_ex.o
 .debug_abbrev  0x0000000000002516      0x2ba ./Drivers/STM32F0xx_HAL_Driver/Src/stm32f0xx_hal_uart.o
 .debug_abbrev  0x00000000000027d0      0x298 ./Drivers/STM32F0xx_HAL_Driver/Src/stm32f0xx_hal_uart_ex.o

.debug_aranges  0x0000000000000000      0xf70
 .debug_aranges
                0x0000000000000000       0x48 ./Core/Inc/time.o
 .debug_aranges
                0x0000000000000048       0x50 ./Core/Src/main.o
 .debug_aranges
                0x0000000000000098      0x270 ./Core/Src/mainpp.o
 .debug_aranges
                0x0000000000000308       0x40 ./Core/Src/stm32f0xx_hal_msp.o
 .debug_aranges
                0x0000000000000348       0x50 ./Core/Src/stm32f0xx_it.o
 .debug_aranges
                0x0000000000000398       0xa8 ./Core/Src/syscalls.o
 .debug_aranges
                0x0000000000000440       0x20 ./Core/Src/sysmem.o
 .debug_aranges
                0x0000000000000460       0x28 ./Core/Src/system_stm32f0xx.o
 .debug_aranges
                0x0000000000000488       0x28 ./Core/Startup/startup_stm32f042k6tx.o
 .debug_aranges
                0x00000000000004b0       0xd0 ./Drivers/STM32F0xx_HAL_Driver/Src/stm32f0xx_hal.o
 .debug_aranges
                0x0000000000000580       0xc0 ./Drivers/STM32F0xx_HAL_Driver/Src/stm32f0xx_hal_cortex.o
 .debug_aranges
                0x0000000000000640       0x88 ./Drivers/STM32F0xx_HAL_Driver/Src/stm32f0xx_hal_dma.o
 .debug_aranges
                0x00000000000006c8       0x58 ./Drivers/STM32F0xx_HAL_Driver/Src/stm32f0xx_hal_gpio.o
 .debug_aranges
                0x0000000000000720       0x80 ./Drivers/STM32F0xx_HAL_Driver/Src/stm32f0xx_hal_rcc.o
 .debug_aranges
                0x00000000000007a0      0x3d0 ./Drivers/STM32F0xx_HAL_Driver/Src/stm32f0xx_hal_tim.o
 .debug_aranges
                0x0000000000000b70      0x168 ./Drivers/STM32F0xx_HAL_Driver/Src/stm32f0xx_hal_tim_ex.o
 .debug_aranges
                0x0000000000000cd8      0x228 ./Drivers/STM32F0xx_HAL_Driver/Src/stm32f0xx_hal_uart.o
 .debug_aranges
                0x0000000000000f00       0x70 ./Drivers/STM32F0xx_HAL_Driver/Src/stm32f0xx_hal_uart_ex.o

.debug_ranges   0x0000000000000000      0xea0
 .debug_ranges  0x0000000000000000       0x38 ./Core/Inc/time.o
 .debug_ranges  0x0000000000000038       0x40 ./Core/Src/main.o
 .debug_ranges  0x0000000000000078      0x278 ./Core/Src/mainpp.o
 .debug_ranges  0x00000000000002f0       0x30 ./Core/Src/stm32f0xx_hal_msp.o
 .debug_ranges  0x0000000000000320       0x40 ./Core/Src/stm32f0xx_it.o
 .debug_ranges  0x0000000000000360       0x98 ./Core/Src/syscalls.o
 .debug_ranges  0x00000000000003f8       0x10 ./Core/Src/sysmem.o
 .debug_ranges  0x0000000000000408       0x18 ./Core/Src/system_stm32f0xx.o
 .debug_ranges  0x0000000000000420       0x20 ./Core/Startup/startup_stm32f042k6tx.o
 .debug_ranges  0x0000000000000440       0xc0 ./Drivers/STM32F0xx_HAL_Driver/Src/stm32f0xx_hal.o
 .debug_ranges  0x0000000000000500       0xb0 ./Drivers/STM32F0xx_HAL_Driver/Src/stm32f0xx_hal_cortex.o
 .debug_ranges  0x00000000000005b0       0x78 ./Drivers/STM32F0xx_HAL_Driver/Src/stm32f0xx_hal_dma.o
 .debug_ranges  0x0000000000000628       0x48 ./Drivers/STM32F0xx_HAL_Driver/Src/stm32f0xx_hal_gpio.o
 .debug_ranges  0x0000000000000670       0x70 ./Drivers/STM32F0xx_HAL_Driver/Src/stm32f0xx_hal_rcc.o
 .debug_ranges  0x00000000000006e0      0x3c0 ./Drivers/STM32F0xx_HAL_Driver/Src/stm32f0xx_hal_tim.o
 .debug_ranges  0x0000000000000aa0      0x158 ./Drivers/STM32F0xx_HAL_Driver/Src/stm32f0xx_hal_tim_ex.o
 .debug_ranges  0x0000000000000bf8      0x248 ./Drivers/STM32F0xx_HAL_Driver/Src/stm32f0xx_hal_uart.o
 .debug_ranges  0x0000000000000e40       0x60 ./Drivers/STM32F0xx_HAL_Driver/Src/stm32f0xx_hal_uart_ex.o

.debug_macro    0x0000000000000000    0x1a112
 .debug_macro   0x0000000000000000      0x1c1 ./Core/Inc/time.o
 .debug_macro   0x00000000000001c1      0x1db ./Core/Src/main.o
 .debug_macro   0x000000000000039c      0xa4e ./Core/Src/main.o
 .debug_macro   0x0000000000000dea      0x133 ./Core/Src/main.o
 .debug_macro   0x0000000000000f1d       0x2e ./Core/Src/main.o
 .debug_macro   0x0000000000000f4b       0x22 ./Core/Src/main.o
 .debug_macro   0x0000000000000f6d       0x8e ./Core/Src/main.o
 .debug_macro   0x0000000000000ffb       0x51 ./Core/Src/main.o
 .debug_macro   0x000000000000104c       0x1c ./Core/Src/main.o
 .debug_macro   0x0000000000001068       0x22 ./Core/Src/main.o
 .debug_macro   0x000000000000108a       0xaf ./Core/Src/main.o
 .debug_macro   0x0000000000001139      0x391 ./Core/Src/main.o
 .debug_macro   0x00000000000014ca     0xf209 ./Core/Src/main.o
 .debug_macro   0x00000000000106d3       0x66 ./Core/Src/main.o
 .debug_macro   0x0000000000010739     0x34be ./Core/Src/main.o
 .debug_macro   0x0000000000013bf7      0x174 ./Core/Src/main.o
 .debug_macro   0x0000000000013d6b       0x55 ./Core/Src/main.o
 .debug_macro   0x0000000000013dc0      0x946 ./Core/Src/main.o
 .debug_macro   0x0000000000014706      0x46b ./Core/Src/main.o
 .debug_macro   0x0000000000014b71      0x1ae ./Core/Src/main.o
 .debug_macro   0x0000000000014d1f      0x130 ./Core/Src/main.o
 .debug_macro   0x0000000000014e4f      0x199 ./Core/Src/main.o
 .debug_macro   0x0000000000014fe8      0x1ed ./Core/Src/main.o
 .debug_macro   0x00000000000151d5       0x34 ./Core/Src/main.o
 .debug_macro   0x0000000000015209       0x43 ./Core/Src/main.o
 .debug_macro   0x000000000001524c       0x28 ./Core/Src/main.o
 .debug_macro   0x0000000000015274       0xb0 ./Core/Src/main.o
 .debug_macro   0x0000000000015324      0x182 ./Core/Src/main.o
 .debug_macro   0x00000000000154a6      0x22c ./Core/Src/main.o
 .debug_macro   0x00000000000156d2       0x61 ./Core/Src/main.o
 .debug_macro   0x0000000000015733       0xa5 ./Core/Src/main.o
 .debug_macro   0x00000000000157d8       0x4c ./Core/Src/main.o
 .debug_macro   0x0000000000015824      0x15b ./Core/Src/main.o
 .debug_macro   0x000000000001597f      0x8f4 ./Core/Src/main.o
 .debug_macro   0x0000000000016273       0x28 ./Core/Src/main.o
 .debug_macro   0x000000000001629b      0x5ba ./Core/Src/main.o
 .debug_macro   0x0000000000016855       0x44 ./Core/Src/main.o
 .debug_macro   0x0000000000016899      0x12e ./Core/Src/main.o
 .debug_macro   0x00000000000169c7       0x4c ./Core/Src/main.o
 .debug_macro   0x0000000000016a13      0x424 ./Core/Src/mainpp.o
 .debug_macro   0x0000000000016e37       0x52 ./Core/Src/mainpp.o
 .debug_macro   0x0000000000016e89       0x10 ./Core/Src/mainpp.o
 .debug_macro   0x0000000000016e99       0x20 ./Core/Src/mainpp.o
 .debug_macro   0x0000000000016eb9       0x10 ./Core/Src/mainpp.o
 .debug_macro   0x0000000000016ec9       0x1c ./Core/Src/mainpp.o
 .debug_macro   0x0000000000016ee5       0xde ./Core/Src/mainpp.o
 .debug_macro   0x0000000000016fc3      0x3cd ./Core/Src/mainpp.o
 .debug_macro   0x0000000000017390       0x10 ./Core/Src/mainpp.o
 .debug_macro   0x00000000000173a0      0x391 ./Core/Src/mainpp.o
 .debug_macro   0x0000000000017731       0x4f ./Core/Src/mainpp.o
 .debug_macro   0x0000000000017780       0x52 ./Core/Src/mainpp.o
 .debug_macro   0x00000000000177d2      0x1d1 ./Core/Src/stm32f0xx_hal_msp.o
 .debug_macro   0x00000000000179a3      0x1db ./Core/Src/stm32f0xx_it.o
 .debug_macro   0x0000000000017b7e      0x24c ./Core/Src/syscalls.o
 .debug_macro   0x0000000000017dca       0x34 ./Core/Src/syscalls.o
 .debug_macro   0x0000000000017dfe      0x341 ./Core/Src/syscalls.o
 .debug_macro   0x000000000001813f       0x43 ./Core/Src/syscalls.o
 .debug_macro   0x0000000000018182       0x1c ./Core/Src/syscalls.o
 .debug_macro   0x000000000001819e       0x10 ./Core/Src/syscalls.o
 .debug_macro   0x00000000000181ae       0x35 ./Core/Src/syscalls.o
 .debug_macro   0x00000000000181e3       0x10 ./Core/Src/syscalls.o
 .debug_macro   0x00000000000181f3       0x10 ./Core/Src/syscalls.o
 .debug_macro   0x0000000000018203       0x10 ./Core/Src/syscalls.o
 .debug_macro   0x0000000000018213       0x1c ./Core/Src/syscalls.o
 .debug_macro   0x000000000001822f       0x52 ./Core/Src/syscalls.o
 .debug_macro   0x0000000000018281       0x22 ./Core/Src/syscalls.o
 .debug_macro   0x00000000000182a3       0x10 ./Core/Src/syscalls.o
 .debug_macro   0x00000000000182b3       0x52 ./Core/Src/syscalls.o
 .debug_macro   0x0000000000018305       0xd5 ./Core/Src/syscalls.o
 .debug_macro   0x00000000000183da       0x1c ./Core/Src/syscalls.o
 .debug_macro   0x00000000000183f6       0x3d ./Core/Src/syscalls.o
 .debug_macro   0x0000000000018433       0x35 ./Core/Src/syscalls.o
 .debug_macro   0x0000000000018468      0x12c ./Core/Src/syscalls.o
 .debug_macro   0x0000000000018594       0x10 ./Core/Src/syscalls.o
 .debug_macro   0x00000000000185a4      0x241 ./Core/Src/syscalls.o
 .debug_macro   0x00000000000187e5       0x1c ./Core/Src/syscalls.o
 .debug_macro   0x0000000000018801       0x10 ./Core/Src/syscalls.o
 .debug_macro   0x0000000000018811       0x10 ./Core/Src/syscalls.o
 .debug_macro   0x0000000000018821       0x16 ./Core/Src/syscalls.o
 .debug_macro   0x0000000000018837      0x145 ./Core/Src/syscalls.o
 .debug_macro   0x000000000001897c      0x189 ./Core/Src/syscalls.o
 .debug_macro   0x0000000000018b05       0x16 ./Core/Src/syscalls.o
 .debug_macro   0x0000000000018b1b       0xce ./Core/Src/syscalls.o
 .debug_macro   0x0000000000018be9       0xff ./Core/Src/sysmem.o
 .debug_macro   0x0000000000018ce8      0x23b ./Core/Src/sysmem.o
 .debug_macro   0x0000000000018f23      0x1c2 ./Core/Src/system_stm32f0xx.o
 .debug_macro   0x00000000000190e5      0x1e6 ./Drivers/STM32F0xx_HAL_Driver/Src/stm32f0xx_hal.o
 .debug_macro   0x00000000000192cb      0x1c2 ./Drivers/STM32F0xx_HAL_Driver/Src/stm32f0xx_hal_cortex.o
 .debug_macro   0x000000000001948d      0x1c2 ./Drivers/STM32F0xx_HAL_Driver/Src/stm32f0xx_hal_dma.o
 .debug_macro   0x000000000001964f      0x1c9 ./Drivers/STM32F0xx_HAL_Driver/Src/stm32f0xx_hal_gpio.o
 .debug_macro   0x0000000000019818      0x1d4 ./Drivers/STM32F0xx_HAL_Driver/Src/stm32f0xx_hal_rcc.o
 .debug_macro   0x00000000000199ec      0x1c3 ./Drivers/STM32F0xx_HAL_Driver/Src/stm32f0xx_hal_tim.o
 .debug_macro   0x0000000000019baf      0x1c2 ./Drivers/STM32F0xx_HAL_Driver/Src/stm32f0xx_hal_tim_ex.o
 .debug_macro   0x0000000000019d71      0x1df ./Drivers/STM32F0xx_HAL_Driver/Src/stm32f0xx_hal_uart.o
 .debug_macro   0x0000000000019f50      0x1c2 ./Drivers/STM32F0xx_HAL_Driver/Src/stm32f0xx_hal_uart_ex.o

.debug_line     0x0000000000000000    0x1176a
 .debug_line    0x0000000000000000      0x974 ./Core/Inc/time.o
 .debug_line    0x0000000000000974      0x80f ./Core/Src/main.o
 .debug_line    0x0000000000001183     0x24b3 ./Core/Src/mainpp.o
 .debug_line    0x0000000000003636      0x792 ./Core/Src/stm32f0xx_hal_msp.o
 .debug_line    0x0000000000003dc8      0x759 ./Core/Src/stm32f0xx_it.o
 .debug_line    0x0000000000004521      0x7db ./Core/Src/syscalls.o
 .debug_line    0x0000000000004cfc      0x4d1 ./Core/Src/sysmem.o
 .debug_line    0x00000000000051cd      0x74b ./Core/Src/system_stm32f0xx.o
 .debug_line    0x0000000000005918       0x9b ./Core/Startup/startup_stm32f042k6tx.o
 .debug_line    0x00000000000059b3      0x93e ./Drivers/STM32F0xx_HAL_Driver/Src/stm32f0xx_hal.o
 .debug_line    0x00000000000062f1      0x9ea ./Drivers/STM32F0xx_HAL_Driver/Src/stm32f0xx_hal_cortex.o
 .debug_line    0x0000000000006cdb      0xc62 ./Drivers/STM32F0xx_HAL_Driver/Src/stm32f0xx_hal_dma.o
 .debug_line    0x000000000000793d      0xaa6 ./Drivers/STM32F0xx_HAL_Driver/Src/stm32f0xx_hal_gpio.o
 .debug_line    0x00000000000083e3      0xdc9 ./Drivers/STM32F0xx_HAL_Driver/Src/stm32f0xx_hal_rcc.o
 .debug_line    0x00000000000091ac     0x35cf ./Drivers/STM32F0xx_HAL_Driver/Src/stm32f0xx_hal_tim.o
 .debug_line    0x000000000000c77b     0x18b1 ./Drivers/STM32F0xx_HAL_Driver/Src/stm32f0xx_hal_tim_ex.o
 .debug_line    0x000000000000e02c     0x2bf2 ./Drivers/STM32F0xx_HAL_Driver/Src/stm32f0xx_hal_uart.o
 .debug_line    0x0000000000010c1e      0xb4c ./Drivers/STM32F0xx_HAL_Driver/Src/stm32f0xx_hal_uart_ex.o

.debug_str      0x0000000000000000    0x992b9
 .debug_str     0x0000000000000000     0x9dbe ./Core/Inc/time.o
                                       0xa0cd (size before relaxing)
 .debug_str     0x0000000000009dbe    0x875ec ./Core/Src/main.o
                                      0x8b527 (size before relaxing)
 .debug_str     0x00000000000913aa     0x2f1f ./Core/Src/mainpp.o
                                      0x93fbf (size before relaxing)
 .debug_str     0x00000000000942c9       0xc6 ./Core/Src/stm32f0xx_hal_msp.o
                                      0x8b300 (size before relaxing)
 .debug_str     0x000000000009438f       0xbb ./Core/Src/stm32f0xx_it.o
                                      0x8ad4a (size before relaxing)
 .debug_str     0x000000000009444a     0x26d8 ./Core/Src/syscalls.o
                                       0x899d (size before relaxing)
 .debug_str     0x0000000000096b22       0x6b ./Core/Src/sysmem.o
                                       0x5cd9 (size before relaxing)
 .debug_str     0x0000000000096b8d       0x8b ./Core/Src/system_stm32f0xx.o
                                      0x8a7f4 (size before relaxing)
 .debug_str     0x0000000000096c18       0x36 ./Core/Startup/startup_stm32f042k6tx.o
                                         0x8b (size before relaxing)
 .debug_str     0x0000000000096c4e      0x369 ./Drivers/STM32F0xx_HAL_Driver/Src/stm32f0xx_hal.o
                                      0x8ada6 (size before relaxing)
 .debug_str     0x0000000000096fb7      0x184 ./Drivers/STM32F0xx_HAL_Driver/Src/stm32f0xx_hal_cortex.o
                                      0x8ab97 (size before relaxing)
 .debug_str     0x000000000009713b      0x219 ./Drivers/STM32F0xx_HAL_Driver/Src/stm32f0xx_hal_dma.o
                                      0x8ab9a (size before relaxing)
 .debug_str     0x0000000000097354      0x114 ./Drivers/STM32F0xx_HAL_Driver/Src/stm32f0xx_hal_gpio.o
                                      0x8a995 (size before relaxing)
 .debug_str     0x0000000000097468      0x21a ./Drivers/STM32F0xx_HAL_Driver/Src/stm32f0xx_hal_rcc.o
                                      0x8ac3b (size before relaxing)
 .debug_str     0x0000000000097682      0xde7 ./Drivers/STM32F0xx_HAL_Driver/Src/stm32f0xx_hal_tim.o
                                      0x8bbfa (size before relaxing)
 .debug_str     0x0000000000098469      0x493 ./Drivers/STM32F0xx_HAL_Driver/Src/stm32f0xx_hal_tim_ex.o
                                      0x8b416 (size before relaxing)
 .debug_str     0x00000000000988fc      0x805 ./Drivers/STM32F0xx_HAL_Driver/Src/stm32f0xx_hal_uart.o
                                      0x8b558 (size before relaxing)
 .debug_str     0x0000000000099101      0x1b8 ./Drivers/STM32F0xx_HAL_Driver/Src/stm32f0xx_hal_uart_ex.o
                                      0x8ae89 (size before relaxing)

.comment        0x0000000000000000       0x50
 .comment       0x0000000000000000       0x50 ./Core/Inc/time.o
                                         0x51 (size before relaxing)
 .comment       0x0000000000000050       0x51 ./Core/Src/main.o